Archive member included to satisfy reference by file (symbol)

app/libapp.a(main.c.obj)      (--whole-archive)
zephyr/libzephyr.a(crc32_sw.c.obj)
                              (--whole-archive)
zephyr/libzephyr.a(crc16_sw.c.obj)
                              (--whole-archive)
zephyr/libzephyr.a(crc8_sw.c.obj)
                              (--whole-archive)
zephyr/libzephyr.a(crc7_sw.c.obj)
                              (--whole-archive)
zephyr/libzephyr.a(dec.c.obj)
                              (--whole-archive)
zephyr/libzephyr.a(fdtable.c.obj)
                              (--whole-archive)
zephyr/libzephyr.a(hex.c.obj)
                              (--whole-archive)
zephyr/libzephyr.a(mempool.c.obj)
                              (--whole-archive)
zephyr/libzephyr.a(printk.c.obj)
                              (--whole-archive)
zephyr/libzephyr.a(rb.c.obj)  (--whole-archive)
zephyr/libzephyr.a(sem.c.obj)
                              (--whole-archive)
zephyr/libzephyr.a(thread_entry.c.obj)
                              (--whole-archive)
zephyr/libzephyr.a(timeutil.c.obj)
                              (--whole-archive)
zephyr/libzephyr.a(work_q.c.obj)
                              (--whole-archive)
zephyr/libzephyr.a(configs.c.obj)
                              (--whole-archive)
zephyr/libzephyr.a(soc.c.obj)
                              (--whole-archive)
zephyr/libzephyr.a(stm32cube_hal.c.obj)
                              (--whole-archive)
zephyr/libzephyr.a(log_list.c.obj)
                              (--whole-archive)
zephyr/libzephyr.a(log_core.c.obj)
                              (--whole-archive)
zephyr/libzephyr.a(log_msg.c.obj)
                              (--whole-archive)
zephyr/libzephyr.a(log_output.c.obj)
                              (--whole-archive)
zephyr/libzephyr.a(log_backend_uart.c.obj)
                              (--whole-archive)
zephyr/libzephyr.a(getline.c.obj)
                              (--whole-archive)
zephyr/libzephyr.a(reboot.c.obj)
                              (--whole-archive)
zephyr/libzephyr.a(uart_console.c.obj)
                              (--whole-archive)
zephyr/libzephyr.a(intc_exti_stm32.c.obj)
                              (--whole-archive)
zephyr/libzephyr.a(clock_stm32_ll_common.c.obj)
                              (--whole-archive)
zephyr/libzephyr.a(clock_stm32f1.c.obj)
                              (--whole-archive)
zephyr/libzephyr.a(pinmux_stm32.c.obj)
                              (--whole-archive)
zephyr/libzephyr.a(sys_clock_init.c.obj)
                              (--whole-archive)
zephyr/libzephyr.a(cortex_m_systick.c.obj)
                              (--whole-archive)
zephyr/arch/common/libarch__common.a(isr_tables.c.obj)
                              (--whole-archive)
zephyr/arch/common/libarch__common.a(sw_isr_common.c.obj)
                              (--whole-archive)
zephyr/arch/arch/arm/core/aarch32/libarch__arm__core__aarch32.a(exc_exit.S.obj)
                              (--whole-archive)
zephyr/arch/arch/arm/core/aarch32/libarch__arm__core__aarch32.a(swap.c.obj)
                              (--whole-archive)
zephyr/arch/arch/arm/core/aarch32/libarch__arm__core__aarch32.a(swap_helper.S.obj)
                              (--whole-archive)
zephyr/arch/arch/arm/core/aarch32/libarch__arm__core__aarch32.a(irq_manage.c.obj)
                              (--whole-archive)
zephyr/arch/arch/arm/core/aarch32/libarch__arm__core__aarch32.a(thread.c.obj)
                              (--whole-archive)
zephyr/arch/arch/arm/core/aarch32/libarch__arm__core__aarch32.a(cpu_idle.S.obj)
                              (--whole-archive)
zephyr/arch/arch/arm/core/aarch32/libarch__arm__core__aarch32.a(fault_s.S.obj)
                              (--whole-archive)
zephyr/arch/arch/arm/core/aarch32/libarch__arm__core__aarch32.a(fatal.c.obj)
                              (--whole-archive)
zephyr/arch/arch/arm/core/aarch32/libarch__arm__core__aarch32.a(nmi.c.obj)
                              (--whole-archive)
zephyr/arch/arch/arm/core/aarch32/libarch__arm__core__aarch32.a(nmi_on_reset.S.obj)
                              (--whole-archive)
zephyr/arch/arch/arm/core/aarch32/libarch__arm__core__aarch32.a(prep_c.c.obj)
                              (--whole-archive)
zephyr/arch/arch/arm/core/aarch32/libarch__arm__core__aarch32.a(isr_wrapper.S.obj)
                              (--whole-archive)
zephyr/arch/arch/arm/core/aarch32/cortex_m/libarch__arm__core__aarch32__cortex_m.a(vector_table.S.obj)
                              (--whole-archive)
zephyr/arch/arch/arm/core/aarch32/cortex_m/libarch__arm__core__aarch32__cortex_m.a(reset.S.obj)
                              (--whole-archive)
zephyr/arch/arch/arm/core/aarch32/cortex_m/libarch__arm__core__aarch32__cortex_m.a(fault.c.obj)
                              (--whole-archive)
zephyr/arch/arch/arm/core/aarch32/cortex_m/libarch__arm__core__aarch32__cortex_m.a(scb.c.obj)
[...]
Memory Configuration

Name             Origin             Length             Attributes
FLASH            0x08001000         0x0001f000         xr
SRAM             0x20000000         0x00005000         xw
IDT_LIST         0x20005000         0x00000800         xw
*default*        0x00000000         0xffffffff

Linker script and memory map

LOAD zephyr/CMakeFiles/zephyr_final.dir/misc/empty_file.c.obj
LOAD zephyr/CMakeFiles/zephyr_final.dir/isr_tables.c.obj
                0x00000004                _region_min_align = 0x4

.rel.plt        0x08001000        0x0
 *(SORT_BY_ALIGNMENT(.rel.plt))
                [!provide]                PROVIDE (__rel_iplt_start = .)
 *(SORT_BY_ALIGNMENT(.rel.iplt))
 .rel.iplt      0x08001000        0x0 zephyr/CMakeFiles/zephyr_final.dir/isr_tables.c.obj
                [!provide]                PROVIDE (__rel_iplt_end = .)

.rela.plt       0x00000000        0x0
 *(SORT_BY_ALIGNMENT(.rela.plt))
                [!provide]                PROVIDE (__rela_iplt_start = .)
 *(SORT_BY_ALIGNMENT(.rela.iplt))
                [!provide]                PROVIDE (__rela_iplt_end = .)

.rel.dyn
 *(SORT_BY_ALIGNMENT(.rel.*))

.rela.dyn
 *(SORT_BY_ALIGNMENT(.rela.*))

/DISCARD/
 *(SORT_BY_ALIGNMENT(.plt))
 *(SORT_BY_ALIGNMENT(.iplt))
 *(SORT_BY_ALIGNMENT(.got.plt))
 *(SORT_BY_ALIGNMENT(.igot.plt))
 *(SORT_BY_ALIGNMENT(.got))
 *(SORT_BY_ALIGNMENT(.igot))
 *(SORT_BY_ALIGNMENT(.irq_info))
 *(SORT_BY_ALIGNMENT(.intList))
 *(SORT_BY_ALIGNMENT(.note.GNU-stack))
                0x08001000                _image_rom_start = 0x8001000

text            0x08001000       0xec
                0x00000000                . = 0x0
                0x00000000                . = ALIGN (0x4)
                0x08001000                _vector_start = .
 *(SORT_BY_ALIGNMENT(.exc_vector_table))
 *(SORT_BY_ALIGNMENT(.exc_vector_table.*))
 .exc_vector_table._vector_table_section
                0x08001000       0x40 zephyr/arch/arch/arm/core/aarch32/cortex_m/libarch__arm__core__aarch32__cortex_m.a(vector_table.S.obj)
                0x08001000                _vector_table
 *(SORT_BY_ALIGNMENT(.gnu.linkonce.irq_vector_table))
 .gnu.linkonce.irq_vector_table
                0x08001040       0xac zephyr/CMakeFiles/zephyr_final.dir/isr_tables.c.obj
                0x08001040                _irq_vector_table
 *(SORT_BY_ALIGNMENT(.vectors))
 *(SORT_BY_ALIGNMENT(.openocd_dbg))
 *(SORT_BY_ALIGNMENT(.openocd_dbg.*))
                0x080010ec                _vector_end = .

_TEXT_SECTION_NAME_2
                0x080010ec     0x6b2c
                0x080010ec                _image_text_start = .
 *(SORT_BY_ALIGNMENT(.text))
 .text          0x080010ec       0x30 c:/gnu_arm_embedded/bin/../lib/gcc/arm-none-eabi/9.2.1/thumb/v7-m/nofp\libgcc.a(_aeabi_uldivmod.o)
                0x080010ec                __aeabi_uldivmod
 .text          0x0800111c      0x2c4 c:/gnu_arm_embedded/bin/../lib/gcc/arm-none-eabi/9.2.1/thumb/v7-m/nofp\libgcc.a(_udivmoddi4.o)
                0x0800111c                __udivmoddi4
 .text          0x080013e0        0x4 c:/gnu_arm_embedded/bin/../lib/gcc/arm-none-eabi/9.2.1/thumb/v7-m/nofp\libgcc.a(_dvmd_tls.o)
                0x080013e0                __aeabi_idiv0
                0x080013e0                __aeabi_ldiv0
 *(SORT_BY_ALIGNMENT(.text.*))
 .text.resetUart
                0x080013e4       0x28 app/libapp.a(main.c.obj)
 .text.goto_boot_loader
                0x0800140c       0x34 app/libapp.a(main.c.obj)
 .text.uart3_dma_fkt_rx
                0x08001440       0x5c app/libapp.a(main.c.obj)
 .text.modbus   0x0800149c       0xe0 app/libapp.a(main.c.obj)
                0x0800149c                modbus
 .text.main     0x0800157c       0xe4 app/libapp.a(main.c.obj)
                0x0800157c                main
 .text.char_out
                0x08001660       0x10 zephyr/libzephyr.a(printk.c.obj)
 .text._printk_dec_ulong
                0x08001670       0x9c zephyr/libzephyr.a(printk.c.obj)
 .text.__printk_hook_install
                0x0800170c        0xc zephyr/libzephyr.a(printk.c.obj)
                0x0800170c                __printk_hook_install
 .text.z_vprintk
                0x08001718      0x328 zephyr/libzephyr.a(printk.c.obj)
                0x08001718                z_vprintk
 .text.vprintk  0x08001a40       0x1c zephyr/libzephyr.a(printk.c.obj)
                0x08001a40                vprintk
 .text.stm32f1_init
                0x08001a5c       0x2c zephyr/libzephyr.a(soc.c.obj)
 .text.enable_logger
                0x08001a88       0x54 zephyr/libzephyr.a(log_core.c.obj)
 .text.log_process_thread_timer_expiry_fn
                0x08001adc        0xc zephyr/libzephyr.a(log_core.c.obj)
 .text.log_core_init
                0x08001ae8       0x40 zephyr/libzephyr.a(log_core.c.obj)
                0x08001ae8                log_core_init
 .text.dropped_notify
                0x08001b28       0x4c zephyr/libzephyr.a(log_core.c.obj)
                0x08001b28                dropped_notify
 .text.log_dropped
                0x08001b74       0x20 zephyr/libzephyr.a(log_core.c.obj)
                0x08001b74                log_dropped
 .text.log_source_name_get
                0x08001b94       0x1c zephyr/libzephyr.a(log_core.c.obj)
                0x08001b94                log_source_name_get
 .text.log_backend_enable
                0x08001bb0       0x34 zephyr/libzephyr.a(log_core.c.obj)
                0x08001bb0                log_backend_enable
 .text.log_init
                0x08001be4       0x54 zephyr/libzephyr.a(log_core.c.obj)
                0x08001be4                log_init
 .text.log_strdup
                0x08001c38       0x6c zephyr/libzephyr.a(log_core.c.obj)
                0x08001c38                log_strdup
 .text.log_is_strdup
                0x08001ca4       0x1c zephyr/libzephyr.a(log_core.c.obj)
                0x08001ca4                log_is_strdup
 .text.z_impl_log_process
                0x08001cc0      0x148 zephyr/libzephyr.a(log_core.c.obj)
                0x08001cc0                z_impl_log_process
 .text.msg_finalize
                0x08001e08       0xb8 zephyr/libzephyr.a(log_core.c.obj)
 .text.log_process_thread_func
                0x08001ec0       0x44 zephyr/libzephyr.a(log_core.c.obj)
 .text.z_impl_log_panic
                0x08001f04       0x48 zephyr/libzephyr.a(log_core.c.obj)
                0x08001f04                z_impl_log_panic
 .text.log_free
                0x08001f4c       0x34 zephyr/libzephyr.a(log_core.c.obj)
                0x08001f4c                log_free
 .text.log_msg_pool_init
                0x08001f80       0x14 zephyr/libzephyr.a(log_msg.c.obj)
                0x08001f80                log_msg_pool_init
 .text.log_msg_no_space_handle
                0x08001f94       0x30 zephyr/libzephyr.a(log_msg.c.obj)
                0x08001f94                log_msg_no_space_handle
 .text.log_msg_chunk_alloc
                0x08001fc4       0x24 zephyr/libzephyr.a(log_msg.c.obj)
                0x08001fc4                log_msg_chunk_alloc
 .text.msg_free
                0x08001fe8       0x84 zephyr/libzephyr.a(log_msg.c.obj)
 .text.print_formatted
                0x0800206c       0x24 zephyr/libzephyr.a(log_output.c.obj)
 .text.prefix_print
                0x08002090      0x11c zephyr/libzephyr.a(log_output.c.obj)
 .text.postfix_print
                0x080021ac       0x3c zephyr/libzephyr.a(log_output.c.obj)
 .text.hexdump_line_print
                0x080021e8       0xdc zephyr/libzephyr.a(log_output.c.obj)
 .text.log_output_msg_process
                0x080022c4       0xf8 zephyr/libzephyr.a(log_output.c.obj)
                0x080022c4                log_output_msg_process
 .text.log_output_dropped_process
                0x080023bc       0x54 zephyr/libzephyr.a(log_output.c.obj)
                0x080023bc                log_output_dropped_process
 .text.log_output_timestamp_freq_set
                0x08002410       0x30 zephyr/libzephyr.a(log_output.c.obj)
                0x08002410                log_output_timestamp_freq_set
 .text.panic    0x08002440        0xc zephyr/libzephyr.a(log_backend_uart.c.obj)
 .text.dropped  0x0800244c        0xc zephyr/libzephyr.a(log_backend_uart.c.obj)
 .text.log_backend_uart_init
                0x08002458       0x18 zephyr/libzephyr.a(log_backend_uart.c.obj)
 .text.put      0x08002470       0x24 zephyr/libzephyr.a(log_backend_uart.c.obj)
 .text.console_getline
                0x08002494       0x2c zephyr/libzephyr.a(getline.c.obj)
                0x08002494                console_getline
 .text.console_getline_init
                0x080024c0       0x34 zephyr/libzephyr.a(getline.c.obj)
                0x080024c0                console_getline_init
 .text.console_out
                0x080024f4       0x24 zephyr/libzephyr.a(uart_console.c.obj)
 .text.del_char
                0x08002518       0x60 zephyr/libzephyr.a(uart_console.c.obj)
 .text.uart_console_isr
                0x08002578      0x3d8 zephyr/libzephyr.a(uart_console.c.obj)
                0x08002578                uart_console_isr
 .text.uart_register_input
                0x08002950       0x78 zephyr/libzephyr.a(uart_console.c.obj)
                0x08002950                uart_register_input
 .text.uart_console_hook_install
                0x080029c8       0x18 zephyr/libzephyr.a(uart_console.c.obj)
                0x080029c8                uart_console_hook_install
 .text.uart_console_init
                0x080029e0       0x1c zephyr/libzephyr.a(uart_console.c.obj)
 .text.__stm32_exti_isr
                0x080029fc       0x40 zephyr/libzephyr.a(intc_exti_stm32.c.obj)
 .text.stm32_exti_enable
                0x08002a3c       0x34 zephyr/libzephyr.a(intc_exti_stm32.c.obj)
                0x08002a3c                stm32_exti_enable
 .text.stm32_exti_disable
                0x08002a70       0x1c zephyr/libzephyr.a(intc_exti_stm32.c.obj)
                0x08002a70                stm32_exti_disable
 .text.stm32_exti_trigger
                0x08002a8c       0x34 zephyr/libzephyr.a(intc_exti_stm32.c.obj)
                0x08002a8c                stm32_exti_trigger
 .text.stm32_exti_set_callback
                0x08002ac0       0x24 zephyr/libzephyr.a(intc_exti_stm32.c.obj)
                0x08002ac0                stm32_exti_set_callback
 .text.stm32_exti_unset_callback
                0x08002ae4       0x18 zephyr/libzephyr.a(intc_exti_stm32.c.obj)
                0x08002ae4                stm32_exti_unset_callback
 .text.stm32_clock_control_on
                0x08002afc       0x58 zephyr/libzephyr.a(clock_stm32_ll_common.c.obj)
 .text.stm32_clock_control_off
                0x08002b54       0x44 zephyr/libzephyr.a(clock_stm32_ll_common.c.obj)
 .text.stm32_clock_control_get_subsys_rate
                0x08002b98       0x24 zephyr/libzephyr.a(clock_stm32_ll_common.c.obj)
 .text.stm32_clock_control_init
                0x08002bbc       0x78 zephyr/libzephyr.a(clock_stm32_ll_common.c.obj)
 .text.z_pinmux_stm32_set
                0x08002c34       0x58 zephyr/libzephyr.a(pinmux_stm32.c.obj)
                0x08002c34                z_pinmux_stm32_set
 .text.stm32_setup_pins
                0x08002c8c       0x30 zephyr/libzephyr.a(pinmux_stm32.c.obj)
                0x08002c8c                stm32_setup_pins
 .text.elapsed  0x08002cbc       0x3c zephyr/libzephyr.a(cortex_m_systick.c.obj)
 .text.z_clock_isr
                0x08002cf8       0x44 zephyr/libzephyr.a(cortex_m_systick.c.obj)
                0x08002cf8                z_clock_isr
 .text.z_clock_driver_init
                0x08002d3c       0x38 zephyr/libzephyr.a(cortex_m_systick.c.obj)
                0x08002d3c                z_clock_driver_init
 .text.z_clock_set_timeout
                0x08002d74       0xc8 zephyr/libzephyr.a(cortex_m_systick.c.obj)
                0x08002d74                z_clock_set_timeout
 .text.z_clock_elapsed
                0x08002e3c       0x3c zephyr/libzephyr.a(cortex_m_systick.c.obj)
                0x08002e3c                z_clock_elapsed
 .text._HandlerModeExit
                0x08002e78       0x1c zephyr/arch/arch/arm/core/aarch32/libarch__arm__core__aarch32.a(exc_exit.S.obj)
                0x08002e78                z_arm_int_exit
                0x08002e78                z_arm_exc_exit
 .text.arch_swap
                0x08002e94       0x34 zephyr/arch/arch/arm/core/aarch32/libarch__arm__core__aarch32.a(swap.c.obj)
                0x08002e94                arch_swap
 .text.z_arm_pendsv
                0x08002ec8       0x48 zephyr/arch/arch/arm/core/aarch32/libarch__arm__core__aarch32.a(swap_helper.S.obj)
                0x08002ec8                z_arm_pendsv
 .text.z_arm_svc
                0x08002f10       0x20 zephyr/arch/arch/arm/core/aarch32/libarch__arm__core__aarch32.a(swap_helper.S.obj)
                0x08002f10                z_arm_svc
 .text.arch_irq_enable
                0x08002f30       0x20 zephyr/arch/arch/arm/core/aarch32/libarch__arm__core__aarch32.a(irq_manage.c.obj)
                0x08002f30                arch_irq_enable
 .text.z_arm_irq_priority_set
                0x08002f50       0x2c zephyr/arch/arch/arm/core/aarch32/libarch__arm__core__aarch32.a(irq_manage.c.obj)
                0x08002f50                z_arm_irq_priority_set
 .text.arch_new_thread
                0x08002f7c       0x44 zephyr/arch/arch/arm/core/aarch32/libarch__arm__core__aarch32.a(thread.c.obj)
                0x08002f7c                arch_new_thread
 .text.arch_switch_to_main_thread
                0x08002fc0       0x28 zephyr/arch/arch/arm/core/aarch32/libarch__arm__core__aarch32.a(thread.c.obj)
                0x08002fc0                arch_switch_to_main_thread
 .text.z_arm_cpu_idle_init
                0x08002fe8        0xc zephyr/arch/arch/arm/core/aarch32/libarch__arm__core__aarch32.a(cpu_idle.S.obj)
                0x08002fe8                z_arm_cpu_idle_init
 .text.arch_cpu_idle
                0x08002ff4        0xc zephyr/arch/arch/arm/core/aarch32/libarch__arm__core__aarch32.a(cpu_idle.S.obj)
                0x08002ff4                arch_cpu_idle
 .text.__fault  0x08003000       0x14 zephyr/arch/arch/arm/core/aarch32/libarch__arm__core__aarch32.a(fault_s.S.obj)
                0x08003000                z_arm_usage_fault
                0x08003000                z_arm_mpu_fault
                0x08003000                z_arm_reserved
                0x08003000                z_arm_debug_monitor
                0x08003000                z_arm_hard_fault
                0x08003000                z_arm_bus_fault
 .text.z_arm_fatal_error
                0x08003014       0x70 zephyr/arch/arch/arm/core/aarch32/libarch__arm__core__aarch32.a(fatal.c.obj)
                0x08003014                z_arm_fatal_error
 .text.z_SysNmiOnReset
                0x08003084        0x8 zephyr/arch/arch/arm/core/aarch32/libarch__arm__core__aarch32.a(nmi_on_reset.S.obj)
                0x08003084                z_SysNmiOnReset
 .text.z_arm_prep_c
                0x0800308c       0x30 zephyr/arch/arch/arm/core/aarch32/libarch__arm__core__aarch32.a(prep_c.c.obj)
                0x0800308c                z_arm_prep_c
 .text._isr_wrapper
                0x080030bc       0x28 zephyr/arch/arch/arm/core/aarch32/libarch__arm__core__aarch32.a(isr_wrapper.S.obj)
                0x080030bc                _isr_wrapper
 .text._reset_section
                0x080030e4       0x2c zephyr/arch/arch/arm/core/aarch32/cortex_m/libarch__arm__core__aarch32__cortex_m.a(reset.S.obj)
                0x080030e4                __start
                0x080030e4                z_arm_reset
 .text.usage_fault.isra.0
                0x08003110       0xb8 zephyr/arch/arch/arm/core/aarch32/cortex_m/libarch__arm__core__aarch32__cortex_m.a(fault.c.obj)
 .text.mem_manage_fault.isra.0
                0x080031c8       0xb4 zephyr/arch/arch/arm/core/aarch32/cortex_m/libarch__arm__core__aarch32__cortex_m.a(fault.c.obj)
 .text.bus_fault.isra.0
                0x0800327c       0xc8 zephyr/arch/arch/arm/core/aarch32/cortex_m/libarch__arm__core__aarch32__cortex_m.a(fault.c.obj)
 .text.z_arm_fault
                0x08003344      0x198 zephyr/arch/arch/arm/core/aarch32/cortex_m/libarch__arm__core__aarch32__cortex_m.a(fault.c.obj)
                0x08003344                z_arm_fault
 .text.z_arm_fault_init
                0x080034dc       0x10 zephyr/arch/arch/arm/core/aarch32/cortex_m/libarch__arm__core__aarch32__cortex_m.a(fault.c.obj)
                0x080034dc                z_arm_fault_init
 .text.z_arm_int_lib_init
                0x080034ec       0x18 zephyr/arch/arch/arm/core/aarch32/cortex_m/libarch__arm__core__aarch32__cortex_m.a(irq_init.c.obj)
                0x080034ec                z_arm_int_lib_init
 .text.z_impl_k_thread_abort
                0x08003504       0x4c zephyr/arch/arch/arm/core/aarch32/cortex_m/libarch__arm__core__aarch32__cortex_m.a(thread_abort.c.obj)
                0x08003504                z_impl_k_thread_abort
 .text.z_prf    0x08003550      0x9e0 zephyr/lib/libc/minimal/liblib__libc__minimal.a(prf.c.obj)
                0x08003550                z_prf
 .text.__stdout_hook_install
                0x08003f30        0xc zephyr/lib/libc/minimal/liblib__libc__minimal.a(stdout_console.c.obj)
                0x08003f30                __stdout_hook_install
 .text.snprintf
                0x08003f3c       0x30 zephyr/lib/libc/minimal/liblib__libc__minimal.a(sprintf.c.obj)
                0x08003f3c                snprintf
 .text.pinmux_stm32_init
                0x08003f6c       0x14 zephyr/boards/arm/stm32_min_dev/libboards__arm__stm32_min_dev.a(pinmux.c.obj)
 .text.gpio_stm32_afio_init
                0x08003f80       0x28 zephyr/drivers/gpio/libdrivers__gpio.a(gpio_stm32.c.obj)
 .text.gpio_stm32_init
                0x08003fa8       0x24 zephyr/drivers/gpio/libdrivers__gpio.a(gpio_stm32.c.obj)
 .text.gpio_stm32_config
                0x08003fcc      0x140 zephyr/drivers/gpio/libdrivers__gpio.a(gpio_stm32.c.obj)
 .text.uart_stm32_irq_err_enable
                0x0800410c       0x3c zephyr/drivers/serial/libdrivers__serial.a(uart_stm32.c.obj)
 .text.uart_stm32_irq_err_disable
                0x08004148       0x3c zephyr/drivers/serial/libdrivers__serial.a(uart_stm32.c.obj)
 .text.uart_stm32_set_baudrate
                0x08004184       0x68 zephyr/drivers/serial/libdrivers__serial.a(uart_stm32.c.obj)
 .text.uart_stm32_configure
                0x080041ec      0x110 zephyr/drivers/serial/libdrivers__serial.a(uart_stm32.c.obj)
 .text.uart_stm32_init
                0x080042fc       0x84 zephyr/drivers/serial/libdrivers__serial.a(uart_stm32.c.obj)
 .text.UTILS_SetFlashLatency.part.0
                0x08004380       0x3c zephyr/modules/stm32/stm32cube/lib..__modules__hal__stm32__stm32cube.a(stm32f1xx_ll_utils.c.obj)
 .text.UTILS_EnablePLLAndSwitchSystem
                0x080043bc       0xa4 zephyr/modules/stm32/stm32cube/lib..__modules__hal__stm32__stm32cube.a(stm32f1xx_ll_utils.c.obj)
 .text.LL_PLL_ConfigSystemClock_HSE
                0x08004460       0x68 zephyr/modules/stm32/stm32cube/lib..__modules__hal__stm32__stm32cube.a(stm32f1xx_ll_utils.c.obj)
                0x08004460                LL_PLL_ConfigSystemClock_HSE
 .text.UART3_IRQHandler
                0x080044c8       0x60 zephyr/modules/stm32_uart3_dma1_ch2_3/lib..__modules__umdom__stm32_uart3_dma1_ch2_3.a(usart3_dma1_ch2_3.c.obj)
                0x080044c8                UART3_IRQHandler
 .text.uart3_dma_readBuffer
                0x08004528       0x28 zephyr/modules/stm32_uart3_dma1_ch2_3/lib..__modules__umdom__stm32_uart3_dma1_ch2_3.a(usart3_dma1_ch2_3.c.obj)
 .text.uart3_dma_writeBuffer
                0x08004550       0x50 zephyr/modules/stm32_uart3_dma1_ch2_3/lib..__modules__umdom__stm32_uart3_dma1_ch2_3.a(usart3_dma1_ch2_3.c.obj)
 .text.uart3_dma_init
                0x080045a0       0x88 zephyr/modules/stm32_uart3_dma1_ch2_3/lib..__modules__umdom__stm32_uart3_dma1_ch2_3.a(usart3_dma1_ch2_3.c.obj)
 .text.DMA1_Channel2_IRQHandler
                0x08004628       0x44 zephyr/modules/stm32_uart3_dma1_ch2_3/lib..__modules__umdom__stm32_uart3_dma1_ch2_3.a(usart3_dma1_ch2_3.c.obj)
                0x08004628                DMA1_Channel2_IRQHandler
 .text.uart3_dma_initilize
                0x0800466c      0x1e0 zephyr/modules/stm32_uart3_dma1_ch2_3/lib..__modules__umdom__stm32_uart3_dma1_ch2_3.a(usart3_dma1_ch2_3.c.obj)
 .text.RCC_GetHCLKClockFreq
                0x0800484c       0x18 zephyr/modules/stm32_uart3_dma1_ch2_3/lib..__modules__umdom__stm32_uart3_dma1_ch2_3.a(stm32f1xx_ll_rcc.c.obj)
                0x0800484c                RCC_GetHCLKClockFreq
 .text.RCC_GetPCLK1ClockFreq
                0x08004864       0x18 zephyr/modules/stm32_uart3_dma1_ch2_3/lib..__modules__umdom__stm32_uart3_dma1_ch2_3.a(stm32f1xx_ll_rcc.c.obj)
                0x08004864                RCC_GetPCLK1ClockFreq
 .text.RCC_GetPCLK2ClockFreq
                0x0800487c       0x18 zephyr/modules/stm32_uart3_dma1_ch2_3/lib..__modules__umdom__stm32_uart3_dma1_ch2_3.a(stm32f1xx_ll_rcc.c.obj)
                0x0800487c                RCC_GetPCLK2ClockFreq
 .text.RCC_PLL_GetFreqDomain_SYS
                0x08004894       0x34 zephyr/modules/stm32_uart3_dma1_ch2_3/lib..__modules__umdom__stm32_uart3_dma1_ch2_3.a(stm32f1xx_ll_rcc.c.obj)
                0x08004894                RCC_PLL_GetFreqDomain_SYS
 .text.RCC_GetSystemClockFreq
                0x080048c8       0x1c zephyr/modules/stm32_uart3_dma1_ch2_3/lib..__modules__umdom__stm32_uart3_dma1_ch2_3.a(stm32f1xx_ll_rcc.c.obj)
                0x080048c8                RCC_GetSystemClockFreq
 .text.LL_USART_Init
                0x080048e4       0xa4 zephyr/modules/stm32_uart3_dma1_ch2_3/lib..__modules__umdom__stm32_uart3_dma1_ch2_3.a(stm32f1xx_ll_usart.c.obj)
                0x080048e4                LL_USART_Init
 .text.z_sys_device_do_config_level
                0x08004988       0x2c zephyr/kernel/libkernel.a(device.c.obj)
                0x08004988                z_sys_device_do_config_level
 .text.z_impl_device_get_binding
                0x080049b4       0x4c zephyr/kernel/libkernel.a(device.c.obj)
                0x080049b4                z_impl_device_get_binding
 .text.k_sys_fatal_error_handler
                0x08004a00       0x30 zephyr/kernel/libkernel.a(fatal.c.obj)
                0x08004a00                k_sys_fatal_error_handler
 .text.z_fatal_error
                0x08004a30       0xb0 zephyr/kernel/libkernel.a(fatal.c.obj)
                0x08004a30                z_fatal_error
 .text.z_bss_zero
                0x08004ae0       0x14 zephyr/kernel/libkernel.a(init.c.obj)
                0x08004ae0                z_bss_zero
 .text.z_data_copy
                0x08004af4       0x34 zephyr/kernel/libkernel.a(init.c.obj)
                0x08004af4                z_data_copy
 .text.bg_thread_main
                0x08004b28       0x48 zephyr/kernel/libkernel.a(init.c.obj)
 .text.z_cstart
                0x08004b70      0x110 zephyr/kernel/libkernel.a(init.c.obj)
                0x08004b70                z_cstart
 .text.init_mem_slab_module
                0x08004c80       0x38 zephyr/kernel/libkernel.a(mem_slab.c.obj)
 .text.k_mem_slab_alloc
                0x08004cb8       0x58 zephyr/kernel/libkernel.a(mem_slab.c.obj)
                0x08004cb8                k_mem_slab_alloc
 .text.k_mem_slab_free
                0x08004d10       0x5c zephyr/kernel/libkernel.a(mem_slab.c.obj)
                0x08004d10                k_mem_slab_free
 .text.z_impl_k_mutex_lock
                0x08004d6c       0xe4 zephyr/kernel/libkernel.a(mutex.c.obj)
                0x08004d6c                z_impl_k_mutex_lock
 .text.z_impl_k_mutex_unlock
                0x08004e50       0x80 zephyr/kernel/libkernel.a(mutex.c.obj)
                0x08004e50                z_impl_k_mutex_unlock
 .text.z_impl_k_queue_get
                0x08004ed0       0x60 zephyr/kernel/libkernel.a(queue.c.obj)
                0x08004ed0                z_impl_k_queue_get
 .text.z_reset_time_slice
                0x08004f30       0x2c zephyr/kernel/libkernel.a(sched.c.obj)
                0x08004f30                z_reset_time_slice
 .text.k_sched_time_slice_set
                0x08004f5c       0x40 zephyr/kernel/libkernel.a(sched.c.obj)
                0x08004f5c                k_sched_time_slice_set
 .text.k_sched_lock
                0x08004f9c       0x28 zephyr/kernel/libkernel.a(sched.c.obj)
                0x08004f9c                k_sched_lock
 .text.z_priq_dumb_remove
                0x08004fc4       0x2c zephyr/kernel/libkernel.a(sched.c.obj)
                0x08004fc4                z_priq_dumb_remove
 .text.update_cache
                0x08004ff0       0x3c zephyr/kernel/libkernel.a(sched.c.obj)
 .text.k_sched_unlock
                0x0800502c       0x38 zephyr/kernel/libkernel.a(sched.c.obj)
                0x0800502c                k_sched_unlock
 .text.z_add_thread_to_ready_q
                0x08005064       0x70 zephyr/kernel/libkernel.a(sched.c.obj)
                0x08005064                z_add_thread_to_ready_q
 .text.z_move_thread_to_end_of_prio_q
                0x080050d4       0x88 zephyr/kernel/libkernel.a(sched.c.obj)
                0x080050d4                z_move_thread_to_end_of_prio_q
 .text.z_time_slice
                0x0800515c       0x6c zephyr/kernel/libkernel.a(sched.c.obj)
                0x0800515c                z_time_slice
 .text.z_thread_single_suspend
                0x080051c8       0x68 zephyr/kernel/libkernel.a(sched.c.obj)
                0x080051c8                z_thread_single_suspend
 .text.z_thread_single_abort
                0x08005230       0x84 zephyr/kernel/libkernel.a(sched.c.obj)
                0x08005230                z_thread_single_abort
 .text.z_remove_thread_from_ready_q
                0x080052b4       0x48 zephyr/kernel/libkernel.a(sched.c.obj)
                0x080052b4                z_remove_thread_from_ready_q
 .text.pend     0x080052fc       0x78 zephyr/kernel/libkernel.a(sched.c.obj)
 .text.z_pend_curr_irqlock
                0x08005374       0x48 zephyr/kernel/libkernel.a(sched.c.obj)
                0x08005374                z_pend_curr_irqlock
 .text.z_pend_curr
                0x080053bc       0x28 zephyr/kernel/libkernel.a(sched.c.obj)
                0x080053bc                z_pend_curr
 .text.z_tick_sleep.part.0
                0x080053e4       0x5c zephyr/kernel/libkernel.a(sched.c.obj)
 .text.z_set_prio
                0x08005440       0x84 zephyr/kernel/libkernel.a(sched.c.obj)
                0x08005440                z_set_prio
 .text.z_sched_init
                0x080054c4       0x18 zephyr/kernel/libkernel.a(sched.c.obj)
                0x080054c4                z_sched_init
 .text.z_impl_k_yield
                0x080054dc       0x9c zephyr/kernel/libkernel.a(sched.c.obj)
                0x080054dc                z_impl_k_yield
 .text.z_impl_k_sleep
                0x08005578       0x3c zephyr/kernel/libkernel.a(sched.c.obj)
                0x08005578                z_impl_k_sleep
 .text.z_impl_k_current_get
                0x080055b4        0xc zephyr/kernel/libkernel.a(sched.c.obj)
                0x080055b4                z_impl_k_current_get
 .text.z_impl_k_sem_give
                0x080055c0       0x4c zephyr/kernel/libkernel.a(sem.c.obj)
                0x080055c0                z_impl_k_sem_give
 .text.z_impl_k_sem_take
                0x0800560c       0x44 zephyr/kernel/libkernel.a(sem.c.obj)
                0x0800560c                z_impl_k_sem_take
 .text.z_impl_k_thread_start
                0x08005650       0x48 zephyr/kernel/libkernel.a(thread.c.obj)
                0x08005650                z_impl_k_thread_start
 .text.z_setup_new_thread
                0x08005698       0x30 zephyr/kernel/libkernel.a(thread.c.obj)
                0x08005698                z_setup_new_thread
 .text.z_impl_k_thread_create
                0x080056c8       0x4c zephyr/kernel/libkernel.a(thread.c.obj)
                0x080056c8                z_impl_k_thread_create
 .text.z_impl_k_thread_suspend
                0x08005714       0x40 zephyr/kernel/libkernel.a(thread.c.obj)
                0x08005714                z_impl_k_thread_suspend
 .text.z_init_static_threads
                0x08005754       0x90 zephyr/kernel/libkernel.a(thread.c.obj)
                0x08005754                z_init_static_threads
 .text.elapsed  0x080057e4       0x14 zephyr/kernel/libkernel.a(timeout.c.obj)
 .text.remove_timeout
                0x080057f8       0x28 zephyr/kernel/libkernel.a(timeout.c.obj)
 .text.next_timeout
                0x08005820       0x38 zephyr/kernel/libkernel.a(timeout.c.obj)
 .text.z_add_timeout
                0x08005858       0x84 zephyr/kernel/libkernel.a(timeout.c.obj)
                0x08005858                z_add_timeout
 .text.z_clock_announce
                0x080058dc       0xa8 zephyr/kernel/libkernel.a(timeout.c.obj)
                0x080058dc                z_clock_announce
 .text.z_tick_get
                0x08005984       0x34 zephyr/kernel/libkernel.a(timeout.c.obj)
                0x08005984                z_tick_get
 .text.z_timer_expiration_handler
                0x080059b8       0x48 zephyr/kernel/libkernel.a(timer.c.obj)
                0x080059b8                z_timer_expiration_handler
 .text.z_impl_k_timer_start
                0x08005a00       0x30 zephyr/kernel/libkernel.a(timer.c.obj)
                0x08005a00                z_impl_k_timer_start
 .text.init_static_pools
                0x08005a30       0x28 zephyr/kernel/libkernel.a(mempool.c.obj)
                0x08005a30                init_static_pools
 .text.k_mem_pool_alloc
                0x08005a58       0x94 zephyr/kernel/libkernel.a(mempool.c.obj)
                0x08005a58                k_mem_pool_alloc
 .text.k_mem_pool_free_id
                0x08005aec       0x54 zephyr/kernel/libkernel.a(mempool.c.obj)
                0x08005aec                k_mem_pool_free_id
 .text.z_thread_malloc
                0x08005b40       0x14 zephyr/kernel/libkernel.a(mempool.c.obj)
                0x08005b40                z_thread_malloc
 .text.get_bit_ptr
                0x08005b54       0x30 zephyr/libzephyr.a(mempool.c.obj)
 .text.pool_irq_lock.isra.0.part.0
                0x08005b84       0x12 zephyr/libzephyr.a(mempool.c.obj)
 .text.pool_irq_unlock.isra.0
                0x08005b96        0xe zephyr/libzephyr.a(mempool.c.obj)
 .text.z_sys_mem_pool_base_init
                0x08005ba4       0x8c zephyr/libzephyr.a(mempool.c.obj)
                0x08005ba4                z_sys_mem_pool_base_init
 .text.z_sys_mem_pool_block_alloc
                0x08005c30      0x170 zephyr/libzephyr.a(mempool.c.obj)
                0x08005c30                z_sys_mem_pool_block_alloc
 .text.z_sys_mem_pool_block_free
                0x08005da0      0x128 zephyr/libzephyr.a(mempool.c.obj)
                0x08005da0                z_sys_mem_pool_block_free
 .text.arch_printk_char_out
                0x08005ec8        0x4 zephyr/libzephyr.a(printk.c.obj)
                0x08005ec8                arch_printk_char_out
 .text.print_err
                0x08005ecc       0x1c zephyr/libzephyr.a(printk.c.obj)
 .text.printk   0x08005ee8       0x1a zephyr/libzephyr.a(printk.c.obj)
                0x08005ee8                printk
 .text.z_thread_entry
                0x08005f02       0x14 zephyr/libzephyr.a(thread_entry.c.obj)
                0x08005f02                z_thread_entry
 .text._ConfigAbsSyms
                0x08005f16        0x2 zephyr/libzephyr.a(configs.c.obj)
                0x08005f16                _ConfigAbsSyms
 .text.log_list_init
                0x08005f18        0x8 zephyr/libzephyr.a(log_list.c.obj)
                0x08005f18                log_list_init
 .text.log_list_add_tail
                0x08005f20       0x14 zephyr/libzephyr.a(log_list.c.obj)
                0x08005f20                log_list_add_tail
 .text.log_list_head_peek
                0x08005f34        0x4 zephyr/libzephyr.a(log_list.c.obj)
                0x08005f34                log_list_head_peek
 .text.log_list_head_get
                0x08005f38        0xc zephyr/libzephyr.a(log_list.c.obj)
                0x08005f38                log_list_head_get
 .text.z_log_msg_std_alloc
                0x08005f44       0x12 zephyr/libzephyr.a(log_core.c.obj)
 .text.k_uptime_get_32
                0x08005f56        0x8 zephyr/libzephyr.a(log_core.c.obj)
 .text.dummy_timestamp
                0x08005f5e        0x4 zephyr/libzephyr.a(log_core.c.obj)
 .text.z_log_get_s_mask
                0x08005f62       0x40 zephyr/libzephyr.a(log_core.c.obj)
                0x08005f62                z_log_get_s_mask
 .text.log_0    0x08005fa2       0x1a zephyr/libzephyr.a(log_core.c.obj)
                0x08005fa2                log_0
 .text.log_1    0x08005fbc       0x28 zephyr/libzephyr.a(log_core.c.obj)
                0x08005fbc                log_1
 .text.log_2    0x08005fe4       0x32 zephyr/libzephyr.a(log_core.c.obj)
                0x08005fe4                log_2
 .text.log_3    0x08006016       0x38 zephyr/libzephyr.a(log_core.c.obj)
                0x08006016                log_3
 .text.log_hexdump
                0x0800604e       0x16 zephyr/libzephyr.a(log_core.c.obj)
                0x0800604e                log_hexdump
 .text.log_msg_hexdump_data_op
                0x08006064       0xa6 zephyr/libzephyr.a(log_msg.c.obj)
 .text.log_msg_get
                0x0800610a       0x1a zephyr/libzephyr.a(log_msg.c.obj)
                0x0800610a                log_msg_get
 .text.log_msg_nargs_get
                0x08006124        0x6 zephyr/libzephyr.a(log_msg.c.obj)
                0x08006124                log_msg_nargs_get
 .text.log_msg_arg_get
                0x0800612a       0x3e zephyr/libzephyr.a(log_msg.c.obj)
                0x0800612a                log_msg_arg_get
 .text.log_msg_put
                0x08006168       0x26 zephyr/libzephyr.a(log_msg.c.obj)
                0x08006168                log_msg_put
 .text.log_msg_str_get
                0x0800618e        0x4 zephyr/libzephyr.a(log_msg.c.obj)
                0x0800618e                log_msg_str_get
 .text.log_msg_hexdump_create
                0x08006192       0xa6 zephyr/libzephyr.a(log_msg.c.obj)
                0x08006192                log_msg_hexdump_create
 .text.log_msg_hexdump_data_get
                0x08006238        0xe zephyr/libzephyr.a(log_msg.c.obj)
                0x08006238                log_msg_hexdump_data_get
 .text.buffer_write
                0x08006246       0x1a zephyr/libzephyr.a(log_output.c.obj)
 .text.std_print
                0x08006260      0x2ba zephyr/libzephyr.a(log_output.c.obj)
 .text.log_output_flush
                0x0800651a       0x18 zephyr/libzephyr.a(log_output.c.obj)
                0x0800651a                log_output_flush
 .text.out_func
                0x08006532       0x36 zephyr/libzephyr.a(log_output.c.obj)
 .text.char_out
                0x08006568       0x20 zephyr/libzephyr.a(log_backend_uart.c.obj)
 .text.z_impl_uart_irq_rx_disable
                0x08006588        0xa zephyr/libzephyr.a(uart_console.c.obj)
 .text.uart_poll_out
                0x08006592        0x6 zephyr/libzephyr.a(uart_console.c.obj)
 .text.atomic_or
                0x08006598       0x1e zephyr/libzephyr.a(uart_console.c.obj)
 .text.__stm32_exti_isr_0
                0x080065b6        0xa zephyr/libzephyr.a(intc_exti_stm32.c.obj)
 .text.__stm32_exti_isr_1
                0x080065c0        0xa zephyr/libzephyr.a(intc_exti_stm32.c.obj)
 .text.__stm32_exti_isr_2
                0x080065ca        0xa zephyr/libzephyr.a(intc_exti_stm32.c.obj)
 .text.__stm32_exti_isr_3
                0x080065d4        0xa zephyr/libzephyr.a(intc_exti_stm32.c.obj)
 .text.__stm32_exti_isr_4
                0x080065de        0xa zephyr/libzephyr.a(intc_exti_stm32.c.obj)
 .text.__stm32_exti_isr_9_5
                0x080065e8        0xa zephyr/libzephyr.a(intc_exti_stm32.c.obj)
 .text.__stm32_exti_isr_15_10
                0x080065f2        0xa zephyr/libzephyr.a(intc_exti_stm32.c.obj)
 .text.stm32_exti_init
                0x080065fc       0x4c zephyr/libzephyr.a(intc_exti_stm32.c.obj)
 .text.config_pll_init
                0x08006648        0xc zephyr/libzephyr.a(clock_stm32f1.c.obj)
                0x08006648                config_pll_init
 .text.config_enable_default_clocks
                0x08006654        0x2 zephyr/libzephyr.a(clock_stm32f1.c.obj)
                0x08006654                config_enable_default_clocks
 .text.LL_RCC_MSI_Disable
                0x08006656        0x2 zephyr/libzephyr.a(clock_stm32f1.c.obj)
                0x08006656                LL_RCC_MSI_Disable
 .text.z_irq_spurious
                0x08006658        0x4 zephyr/arch/arch/arm/core/aarch32/libarch__arm__core__aarch32.a(irq_manage.c.obj)
                0x08006658                z_irq_spurious
 .text.z_do_kernel_oops
                0x0800665c        0x8 zephyr/arch/arch/arm/core/aarch32/libarch__arm__core__aarch32.a(fatal.c.obj)
                0x0800665c                z_do_kernel_oops
 .text.z_arm_nmi
                0x08006664        0xe zephyr/arch/arch/arm/core/aarch32/libarch__arm__core__aarch32.a(nmi.c.obj)
                0x08006664                z_arm_nmi
 .text.strncpy  0x08006672       0x26 zephyr/lib/libc/minimal/liblib__libc__minimal.a(string.c.obj)
                0x08006672                strncpy
 .text.strchr   0x08006698       0x1c zephyr/lib/libc/minimal/liblib__libc__minimal.a(string.c.obj)
                0x08006698                strchr
 .text.strlen   0x080066b4        0xe zephyr/lib/libc/minimal/liblib__libc__minimal.a(string.c.obj)
                0x080066b4                strlen
 .text.strcmp   0x080066c2       0x18 zephyr/lib/libc/minimal/liblib__libc__minimal.a(string.c.obj)
                0x080066c2                strcmp
 .text.memcpy   0x080066da       0x56 zephyr/lib/libc/minimal/liblib__libc__minimal.a(string.c.obj)
                0x080066da                memcpy
 .text.memset   0x08006730       0x46 zephyr/lib/libc/minimal/liblib__libc__minimal.a(string.c.obj)
                0x08006730                memset
 .text._to_x    0x08006776       0x48 zephyr/lib/libc/minimal/liblib__libc__minimal.a(prf.c.obj)
 .text._rlrshift
                0x080067be       0x22 zephyr/lib/libc/minimal/liblib__libc__minimal.a(prf.c.obj)
 .text._ldiv5   0x080067e0       0x50 zephyr/lib/libc/minimal/liblib__libc__minimal.a(prf.c.obj)
 .text._get_digit
                0x08006830       0x2e zephyr/lib/libc/minimal/liblib__libc__minimal.a(prf.c.obj)
 .text._stdout_hook_default
                0x0800685e        0x6 zephyr/lib/libc/minimal/liblib__libc__minimal.a(stdout_console.c.obj)
 .text.sprintf_out
                0x08006864       0x1a zephyr/lib/libc/minimal/liblib__libc__minimal.a(sprintf.c.obj)
 .text.gpio_stm32_isr
                0x0800687e       0x3e zephyr/drivers/gpio/libdrivers__gpio.a(gpio_stm32.c.obj)
 .text.gpio_stm32_read
                0x080068bc       0x20 zephyr/drivers/gpio/libdrivers__gpio.a(gpio_stm32.c.obj)
 .text.gpio_stm32_manage_callback
                0x080068dc       0x56 zephyr/drivers/gpio/libdrivers__gpio.a(gpio_stm32.c.obj)
 .text.gpio_stm32_enable_callback
                0x08006932       0x1c zephyr/drivers/gpio/libdrivers__gpio.a(gpio_stm32.c.obj)
 .text.gpio_stm32_disable_callback
                0x0800694e       0x1e zephyr/drivers/gpio/libdrivers__gpio.a(gpio_stm32.c.obj)
 .text.LL_GPIO_SetPinMode
                0x0800696c       0x2e zephyr/drivers/gpio/libdrivers__gpio.a(gpio_stm32.c.obj)
 .text.LL_GPIO_SetPinSpeed
                0x0800699a       0x2e zephyr/drivers/gpio/libdrivers__gpio.a(gpio_stm32.c.obj)
 .text.LL_GPIO_SetPinOutputType
                0x080069c8       0x2e zephyr/drivers/gpio/libdrivers__gpio.a(gpio_stm32.c.obj)
 .text.gpio_stm32_write
                0x080069f6       0x42 zephyr/drivers/gpio/libdrivers__gpio.a(gpio_stm32.c.obj)
 .text.gpio_stm32_flags_to_conf
                0x08006a38       0x38 zephyr/drivers/gpio/libdrivers__gpio.a(gpio_stm32.c.obj)
                0x08006a38                gpio_stm32_flags_to_conf
 .text.gpio_stm32_configure
                0x08006a70       0xb2 zephyr/drivers/gpio/libdrivers__gpio.a(gpio_stm32.c.obj)
                0x08006a70                gpio_stm32_configure
 .text.LL_USART_ClearFlag_PE
                0x08006b22       0x12 zephyr/drivers/serial/libdrivers__serial.a(uart_stm32.c.obj)
 .text.uart_stm32_poll_in
                0x08006b34       0x24 zephyr/drivers/serial/libdrivers__serial.a(uart_stm32.c.obj)
 .text.uart_stm32_poll_out
                0x08006b58       0x16 zephyr/drivers/serial/libdrivers__serial.a(uart_stm32.c.obj)
 .text.uart_stm32_err_check
                0x08006b6e       0x42 zephyr/drivers/serial/libdrivers__serial.a(uart_stm32.c.obj)
 .text.uart_stm32_fifo_fill
                0x08006bb0       0x22 zephyr/drivers/serial/libdrivers__serial.a(uart_stm32.c.obj)
 .text.uart_stm32_fifo_read
                0x08006bd2       0x2e zephyr/drivers/serial/libdrivers__serial.a(uart_stm32.c.obj)
 .text.uart_stm32_irq_tx_enable
                0x08006c00       0x10 zephyr/drivers/serial/libdrivers__serial.a(uart_stm32.c.obj)
 .text.uart_stm32_irq_tx_disable
                0x08006c10       0x10 zephyr/drivers/serial/libdrivers__serial.a(uart_stm32.c.obj)
 .text.uart_stm32_irq_tx_ready
                0x08006c20        0xe zephyr/drivers/serial/libdrivers__serial.a(uart_stm32.c.obj)
 .text.uart_stm32_irq_tx_complete
                0x08006c2e        0xe zephyr/drivers/serial/libdrivers__serial.a(uart_stm32.c.obj)
 .text.uart_stm32_irq_rx_enable
                0x08006c3c       0x10 zephyr/drivers/serial/libdrivers__serial.a(uart_stm32.c.obj)
 .text.uart_stm32_irq_rx_disable
                0x08006c4c       0x10 zephyr/drivers/serial/libdrivers__serial.a(uart_stm32.c.obj)
 .text.uart_stm32_irq_rx_ready
                0x08006c5c        0xe zephyr/drivers/serial/libdrivers__serial.a(uart_stm32.c.obj)
 .text.uart_stm32_irq_is_pending
                0x08006c6a       0x26 zephyr/drivers/serial/libdrivers__serial.a(uart_stm32.c.obj)
 .text.uart_stm32_irq_update
                0x08006c90        0x4 zephyr/drivers/serial/libdrivers__serial.a(uart_stm32.c.obj)
 .text.uart_stm32_irq_callback_set
                0x08006c94        0x8 zephyr/drivers/serial/libdrivers__serial.a(uart_stm32.c.obj)
 .text.uart_stm32_isr
                0x08006c9c        0xc zephyr/drivers/serial/libdrivers__serial.a(uart_stm32.c.obj)
 .text.uart_stm32_irq_config_func_USART_1
                0x08006ca8       0x16 zephyr/drivers/serial/libdrivers__serial.a(uart_stm32.c.obj)
 .text.uart_stm32_config_get
                0x08006cbe       0x6c zephyr/drivers/serial/libdrivers__serial.a(uart_stm32.c.obj)
 .text.modbusMaskRead
                0x08006d2a       0x22 zephyr/modules/modbus/lib..__modules__umdom__modbus.a(lightmodbus.c.obj)
                0x08006d2a                modbusMaskRead
 .text.modbusMaskWrite
                0x08006d4c       0x34 zephyr/modules/modbus/lib..__modules__umdom__modbus.a(lightmodbus.c.obj)
                0x08006d4c                modbusMaskWrite
 .text.modbusCRC
                0x08006d80       0x36 zephyr/modules/modbus/lib..__modules__umdom__modbus.a(lightmodbus.c.obj)
                0x08006d80                modbusCRC
 .text.modbusBitsToBytes
                0x08006db6        0xc zephyr/modules/modbus/lib..__modules__umdom__modbus.a(scoils.c.obj)
 .text.modbusBuildExceptionErr
                0x08006dc2       0x18 zephyr/modules/modbus/lib..__modules__umdom__modbus.a(scoils.c.obj)
 .text.modbusParseRequest0102
                0x08006dda      0x14c zephyr/modules/modbus/lib..__modules__umdom__modbus.a(scoils.c.obj)
                0x08006dda                modbusParseRequest0102
 .text.modbusParseRequest05
                0x08006f26       0xd8 zephyr/modules/modbus/lib..__modules__umdom__modbus.a(scoils.c.obj)
                0x08006f26                modbusParseRequest05
 .text.modbusParseRequest15
                0x08006ffe      0x134 zephyr/modules/modbus/lib..__modules__umdom__modbus.a(scoils.c.obj)
                0x08006ffe                modbusParseRequest15
 .text.modbusBuildException
                0x08007132       0x4a zephyr/modules/modbus/lib..__modules__umdom__modbus.a(slave.c.obj)
                0x08007132                modbusBuildException
 .text.modbusParseRequest
                0x0800717c      0x10a zephyr/modules/modbus/lib..__modules__umdom__modbus.a(slave.c.obj)
                0x0800717c                modbusParseRequest
 .text.modbusSlaveInit
                0x08007286       0x74 zephyr/modules/modbus/lib..__modules__umdom__modbus.a(slave.c.obj)
                0x08007286                modbusSlaveInit
 .text.modbusBuildExceptionErr
                0x080072fa       0x18 zephyr/modules/modbus/lib..__modules__umdom__modbus.a(sregs.c.obj)
 .text.modbusParseRequest0304
                0x08007312      0x100 zephyr/modules/modbus/lib..__modules__umdom__modbus.a(sregs.c.obj)
                0x08007312                modbusParseRequest0304
 .text.modbusParseRequest06
                0x08007412       0xa2 zephyr/modules/modbus/lib..__modules__umdom__modbus.a(sregs.c.obj)
                0x08007412                modbusParseRequest06
 .text.modbusParseRequest16
                0x080074b4       0xfa zephyr/modules/modbus/lib..__modules__umdom__modbus.a(sregs.c.obj)
                0x080074b4                modbusParseRequest16
 .text.modbusParseRequest22
                0x080075ae       0xc4 zephyr/modules/modbus/lib..__modules__umdom__modbus.a(sregs.c.obj)
                0x080075ae                modbusParseRequest22
 .text.LL_GPIO_Init
                0x08007672       0xf6 zephyr/modules/stm32_uart3_dma1_ch2_3/lib..__modules__umdom__stm32_uart3_dma1_ch2_3.a(stm32f1xx_ll_gpio.c.obj)
                0x08007672                LL_GPIO_Init
 .text.LL_RCC_GetSystemClocksFreq
                0x08007768       0x20 zephyr/modules/stm32_uart3_dma1_ch2_3/lib..__modules__umdom__stm32_uart3_dma1_ch2_3.a(stm32f1xx_ll_rcc.c.obj)
                0x08007768                LL_RCC_GetSystemClocksFreq
 .text.arch_system_halt
                0x08007788       0x12 zephyr/kernel/libkernel.a(fatal.c.obj)
                0x08007788                arch_system_halt
 .text.k_mem_slab_init
                0x0800779a       0x24 zephyr/kernel/libkernel.a(mem_slab.c.obj)
                0x0800779a                k_mem_slab_init
 .text.z_impl_k_mutex_init
                0x080077be        0xc zephyr/kernel/libkernel.a(mutex.c.obj)
                0x080077be                z_impl_k_mutex_init
 .text.prepare_thread_to_run
                0x080077ca       0x1c zephyr/kernel/libkernel.a(queue.c.obj)
 .text.queue_insert
                0x080077e6       0xb0 zephyr/kernel/libkernel.a(queue.c.obj)
 .text.z_queue_node_peek
                0x08007896       0x18 zephyr/kernel/libkernel.a(queue.c.obj)
                0x08007896                z_queue_node_peek
 .text.k_queue_append
                0x080078ae        0xa zephyr/kernel/libkernel.a(queue.c.obj)
                0x080078ae                k_queue_append
 .text.z_is_thread_ready
                0x080078b8       0x12 zephyr/kernel/libkernel.a(sched.c.obj)
 .text.z_find_first_thread_to_unpend
                0x080078ca       0x20 zephyr/kernel/libkernel.a(sched.c.obj)
                0x080078ca                z_find_first_thread_to_unpend
 .text.z_unpend_thread_no_timeout
                0x080078ea       0x32 zephyr/kernel/libkernel.a(sched.c.obj)
                0x080078ea                z_unpend_thread_no_timeout
 .text.z_reschedule
                0x0800791c       0x16 zephyr/kernel/libkernel.a(sched.c.obj)
                0x0800791c                z_reschedule
 .text.z_reschedule_irqlock
                0x08007932       0x18 zephyr/kernel/libkernel.a(sched.c.obj)
                0x08007932                z_reschedule_irqlock
 .text.z_reschedule_unlocked
                0x0800794a       0x14 zephyr/kernel/libkernel.a(sched.c.obj)
 .text.z_unpend_thread
                0x0800795e       0x3a zephyr/kernel/libkernel.a(sched.c.obj)
                0x0800795e                z_unpend_thread
 .text.z_priq_dumb_best
                0x08007998       0x14 zephyr/kernel/libkernel.a(sched.c.obj)
                0x08007998                z_priq_dumb_best
 .text.z_thread_timeout
                0x080079ac       0x60 zephyr/kernel/libkernel.a(sched.c.obj)
                0x080079ac                z_thread_timeout
 .text.z_unpend_first_thread
                0x08007a0c       0x5a zephyr/kernel/libkernel.a(sched.c.obj)
                0x08007a0c                z_unpend_first_thread
 .text.z_unpend_all
                0x08007a66       0x2c zephyr/kernel/libkernel.a(sched.c.obj)
                0x08007a66                z_unpend_all
 .text.z_impl_k_sem_init
                0x08007a92        0xa zephyr/kernel/libkernel.a(sem.c.obj)
                0x08007a92                z_impl_k_sem_init
 .text.z_impl_k_thread_name_set
                0x08007a9c        0x6 zephyr/kernel/libkernel.a(thread.c.obj)
                0x08007a9c                z_impl_k_thread_name_set
 .text.k_thread_name_get
                0x08007aa2        0x4 zephyr/kernel/libkernel.a(thread.c.obj)
                0x08007aa2                k_thread_name_get
 .text.z_new_thread_init
                0x08007aa6       0x18 zephyr/kernel/libkernel.a(thread.c.obj)
                0x08007aa6                z_new_thread_init
 .text.z_abort_timeout
                0x08007abe       0x2c zephyr/kernel/libkernel.a(timeout.c.obj)
                0x08007abe                z_abort_timeout
 .text.z_get_next_timeout_expiry
                0x08007aea       0x20 zephyr/kernel/libkernel.a(timeout.c.obj)
                0x08007aea                z_get_next_timeout_expiry
 .text.z_set_timeout_expiry
                0x08007b0a       0x34 zephyr/kernel/libkernel.a(timeout.c.obj)
                0x08007b0a                z_set_timeout_expiry
 .text.z_tick_get_32
                0x08007b3e        0x8 zephyr/kernel/libkernel.a(timeout.c.obj)
                0x08007b3e                z_tick_get_32
 .text.z_impl_k_uptime_get
                0x08007b46       0x10 zephyr/kernel/libkernel.a(timeout.c.obj)
                0x08007b46                z_impl_k_uptime_get
 .text.k_timer_init
                0x08007b56       0x18 zephyr/kernel/libkernel.a(timer.c.obj)
                0x08007b56                k_timer_init
 .text.z_impl_k_timer_stop
                0x08007b6e       0x4e zephyr/kernel/libkernel.a(timer.c.obj)
                0x08007b6e                z_impl_k_timer_stop
 .text.idle     0x08007bbc       0x28 zephyr/kernel/libkernel.a(idle.c.obj)
                0x08007bbc                idle
 .text.k_mem_pool_malloc
                0x08007be4       0x28 zephyr/kernel/libkernel.a(mempool.c.obj)
                0x08007be4                k_mem_pool_malloc
 .text.k_free   0x08007c0c        0xa zephyr/kernel/libkernel.a(mempool.c.obj)
                0x08007c0c                k_free
 .text._OffsetAbsSyms
                0x08007c16        0x2 zephyr/CMakeFiles/offsets.dir/arch/arm/core/offsets/offsets.c.obj
                0x08007c16                _OffsetAbsSyms
 *(SORT_BY_ALIGNMENT(.gnu.linkonce.t.*))
 *(SORT_BY_ALIGNMENT(.glue_7t))
 .glue_7t       0x08007c18        0x0 linker stubs
 *(SORT_BY_ALIGNMENT(.glue_7))
 .glue_7        0x08007c18        0x0 linker stubs
 *(SORT_BY_ALIGNMENT(.vfp11_veneer))
 .vfp11_veneer  0x08007c18        0x0 linker stubs
 *(SORT_BY_ALIGNMENT(.v4_bx))
 .v4_bx         0x08007c18        0x0 linker stubs
                0x08007c18                _image_text_end = .

.ARM.exidx      0x08007c18        0x8
                0x08007c18                __exidx_start = .
 *(SORT_BY_ALIGNMENT(.ARM.exidx*) SORT_BY_ALIGNMENT(gnu.linkonce.armexidx.*))
 .ARM.exidx     0x08007c18        0x8 c:/gnu_arm_embedded/bin/../lib/gcc/arm-none-eabi/9.2.1/thumb/v7-m/nofp\libgcc.a(_udivmoddi4.o)
                0x08007c20                __exidx_end = .
                0x08007c20                _image_rodata_start = .

sw_isr_table    0x08007c20      0x158
                0x08007c20                . = ALIGN (0x0)
 *(SORT_BY_ALIGNMENT(.gnu.linkonce.sw_isr_table))
 .gnu.linkonce.sw_isr_table
                0x08007c20      0x158 zephyr/CMakeFiles/zephyr_final.dir/isr_tables.c.obj
                0x08007c20                _sw_isr_table

app_shmem_regions
                0x08007d78        0x0
                0x08007d78                __app_shmem_regions_start = .
 *(SORT_BY_NAME(SORT_BY_ALIGNMENT(.app_regions.*)))
                0x08007d78                __app_shmem_regions_end = .

devconfig       0x08007d78       0xcc
                0x08007d78                __devconfig_start = .
 *(SORT_BY_ALIGNMENT(.devconfig.*))
 .devconfig.init
                0x08007d78        0xc zephyr/libzephyr.a(soc.c.obj)
 .devconfig.init
                0x08007d84        0xc zephyr/libzephyr.a(log_core.c.obj)
 .devconfig.init
                0x08007d90        0xc zephyr/libzephyr.a(uart_console.c.obj)
 .devconfig.init
                0x08007d9c        0xc zephyr/libzephyr.a(intc_exti_stm32.c.obj)
 .devconfig.init
                0x08007da8        0xc zephyr/libzephyr.a(clock_stm32_ll_common.c.obj)
 .devconfig.init
                0x08007db4        0xc zephyr/libzephyr.a(sys_clock_init.c.obj)
 .devconfig.init
                0x08007dc0        0xc zephyr/boards/arm/stm32_min_dev/libboards__arm__stm32_min_dev.a(pinmux.c.obj)
 .devconfig.init
                0x08007dcc       0x48 zephyr/drivers/gpio/libdrivers__gpio.a(gpio_stm32.c.obj)
 .devconfig.init
                0x08007e14        0xc zephyr/drivers/serial/libdrivers__serial.a(uart_stm32.c.obj)
 .devconfig.init
                0x08007e20        0xc zephyr/modules/stm32_uart3_dma1_ch2_3/lib..__modules__umdom__stm32_uart3_dma1_ch2_3.a(usart3_dma1_ch2_3.c.obj)
 .devconfig.init
                0x08007e2c        0xc zephyr/kernel/libkernel.a(mem_slab.c.obj)
 .devconfig.init
                0x08007e38        0xc zephyr/kernel/libkernel.a(mempool.c.obj)
 *(SORT_BY_NAME(SORT_BY_ALIGNMENT(.devconfig*)))
                0x08007e44                __devconfig_end = .

net_l2          0x08007e44        0x0
                0x08007e44                __net_l2_start = .
 *(SORT_BY_ALIGNMENT(.net_l2.init))
 *(SORT_BY_NAME(SORT_BY_ALIGNMENT(.net_l2.init*)))
                0x08007e44                __net_l2_end = .

_bt_channels_area
                0x08007e44        0x0
                0x08007e44                _bt_l2cap_fixed_chan_list_start = .
 *(SORT_BY_NAME(SORT_BY_ALIGNMENT(._bt_l2cap_fixed_chan.static.*)))
                0x08007e44                _bt_l2cap_fixed_chan_list_end = .

_bt_services_area
                0x08007e44        0x0
                0x08007e44                _bt_gatt_service_static_list_start = .
 *(SORT_BY_NAME(SORT_BY_ALIGNMENT(._bt_gatt_service_static.static.*)))
                0x08007e44                _bt_gatt_service_static_list_end = .

log_const_sections
                0x08007e44       0x28
                0x08007e44                __log_const_start = .
 *(SORT_BY_NAME(SORT_BY_ALIGNMENT(.log_const_*)))
 .log_const_MAIN
                0x08007e44        0x8 app/libapp.a(main.c.obj)
                0x08007e44                log_const_MAIN
 .log_const_UART3DMA
                0x08007e4c        0x8 zephyr/modules/stm32_uart3_dma1_ch2_3/lib..__modules__umdom__stm32_uart3_dma1_ch2_3.a(usart3_dma1_ch2_3.c.obj)
                0x08007e4c                log_const_UART3DMA
 .log_const_log
                0x08007e54        0x8 zephyr/libzephyr.a(log_core.c.obj)
                0x08007e54                log_const_log
 .log_const_os  0x08007e5c        0x8 zephyr/kernel/libkernel.a(init.c.obj)
                0x08007e5c                log_const_os
 .log_const_uart_stm32
                0x08007e64        0x8 zephyr/drivers/serial/libdrivers__serial.a(uart_stm32.c.obj)
                0x08007e64                log_const_uart_stm32
                0x08007e6c                __log_const_end = .

log_backends_sections
                0x08007e6c       0x10
                0x08007e6c                __log_backends_start = .
 *(SORT_BY_ALIGNMENT(._log_backend.*))
 ._log_backend.static.log_backend_uart
                0x08007e6c       0x10 zephyr/libzephyr.a(log_backend_uart.c.obj)
                0x08007e7c                __log_backends_end = .

shell_root_cmds_sections
                0x08007e7c        0x0
                0x08007e7c                __shell_root_cmds_start = .
 *(SORT_BY_NAME(SORT_BY_ALIGNMENT(.shell_root_cmd_*)))
                0x08007e7c                __shell_root_cmds_end = .

font_entry_sections
                0x08007e7c        0x0
                0x08007e7c                __font_entry_start = .
 *(SORT_BY_NAME(SORT_BY_ALIGNMENT(._cfb_font.*)))
                0x08007e7c                __font_entry_end = .

rodata          0x08007e7c      0x920
 *(SORT_BY_ALIGNMENT(.rodata))
 *(SORT_BY_ALIGNMENT(.rodata.*))
 .rodata.colors
                0x08007e7c       0x14 zephyr/libzephyr.a(log_output.c.obj)
 .rodata.severity
                0x08007e90       0x14 zephyr/libzephyr.a(log_output.c.obj)
 .rodata.log_backend_uart_api
                0x08007ea4       0x18 zephyr/libzephyr.a(log_backend_uart.c.obj)
                0x08007ea4                log_backend_uart_api
 .rodata.log_output
                0x08007ebc       0x10 zephyr/libzephyr.a(log_backend_uart.c.obj)
 .rodata.ports_enable
                0x08007ecc       0x2c zephyr/libzephyr.a(pinmux_stm32.c.obj)
 .rodata.pinconf
                0x08007ef8       0x10 zephyr/boards/arm/stm32_min_dev/libboards__arm__stm32_min_dev.a(pinmux.c.obj)
 .rodata.gpio_stm32_cfg_a
                0x08007f08       0x10 zephyr/drivers/gpio/libdrivers__gpio.a(gpio_stm32.c.obj)
 .rodata.gpio_stm32_cfg_b
                0x08007f18       0x10 zephyr/drivers/gpio/libdrivers__gpio.a(gpio_stm32.c.obj)
 .rodata.gpio_stm32_cfg_c
                0x08007f28       0x10 zephyr/drivers/gpio/libdrivers__gpio.a(gpio_stm32.c.obj)
 .rodata.gpio_stm32_cfg_d
                0x08007f38       0x10 zephyr/drivers/gpio/libdrivers__gpio.a(gpio_stm32.c.obj)
 .rodata.gpio_stm32_cfg_e
                0x08007f48       0x10 zephyr/drivers/gpio/libdrivers__gpio.a(gpio_stm32.c.obj)
 .rodata.gpio_stm32_driver
                0x08007f58       0x1c zephyr/drivers/gpio/libdrivers__gpio.a(gpio_stm32.c.obj)
 .rodata.uart_stm32_cfg_USART_1
                0x08007f74       0x18 zephyr/drivers/serial/libdrivers__serial.a(uart_stm32.c.obj)
 .rodata.uart_stm32_driver_api
                0x08007f8c       0x4c zephyr/drivers/serial/libdrivers__serial.a(uart_stm32.c.obj)
 .rodata.uart3dmaAPI
                0x08007fd8        0xc zephyr/modules/stm32_uart3_dma1_ch2_3/lib..__modules__umdom__stm32_uart3_dma1_ch2_3.a(usart3_dma1_ch2_3.c.obj)
 .rodata.config_levels.6234
                0x08007fe4       0x14 zephyr/kernel/libkernel.a(device.c.obj)
 .rodata._k_neg_eagain
                0x08007ff8        0x4 zephyr/kernel/libkernel.a(errno.c.obj)
                0x08007ff8                _k_neg_eagain
 .rodata.CSWTCH.15
                0x08007ffc       0x14 zephyr/kernel/libkernel.a(fatal.c.obj)
 .rodata.CSWTCH.75
                0x08008010        0x6 zephyr/drivers/serial/libdrivers__serial.a(uart_stm32.c.obj)
 .rodata.goto_boot_loader.str1.1
                0x08008016       0x11 app/libapp.a(main.c.obj)
 .rodata.uart3_dma_fkt_rx.str1.1
                0x08008027       0x14 app/libapp.a(main.c.obj)
 .rodata.modbus.str1.1
                0x0800803b       0x4c app/libapp.a(main.c.obj)
 .rodata.main.str1.1
                0x08008087       0x48 app/libapp.a(main.c.obj)
 .rodata.str1.1
                0x080080cf        0xf app/libapp.a(main.c.obj)
 .rodata.str1.1
                0x080080de        0xf zephyr/libzephyr.a(soc.c.obj)
                                  0x1 (size before relaxing)
 .rodata.enable_logger.str1.1
                0x080080de        0x8 zephyr/libzephyr.a(log_core.c.obj)
 .rodata.log_strdup.str1.1
                0x080080e6       0x1a zephyr/libzephyr.a(log_core.c.obj)
 .rodata.z_impl_log_process.str1.1
                0x08008100       0x36 zephyr/libzephyr.a(log_core.c.obj)
 .rodata.str1.1
                0x08008136        0x4 zephyr/libzephyr.a(log_core.c.obj)
                                  0x5 (size before relaxing)
 .rodata.prefix_print.str1.1
                0x0800813a       0x3c zephyr/libzephyr.a(log_output.c.obj)
 .rodata.postfix_print.str1.1
                0x08008176        0x3 zephyr/libzephyr.a(log_output.c.obj)
                                  0x5 (size before relaxing)
 .rodata.hexdump_line_print.str1.1
                0x08008179        0xf zephyr/libzephyr.a(log_output.c.obj)
                                 0x11 (size before relaxing)
 .rodata.log_output_msg_process.str1.1
                0x08008188        0x2 zephyr/libzephyr.a(log_output.c.obj)
 .rodata.log_output_dropped_process.str1.1
                0x0800818a        0x2 zephyr/libzephyr.a(log_output.c.obj)
                                  0x3 (size before relaxing)
 .rodata.str1.1
                0x0800818a       0x20 zephyr/libzephyr.a(log_output.c.obj)
 .rodata.postfix.7007
                0x080081aa       0x1c zephyr/libzephyr.a(log_output.c.obj)
 .rodata.prefix.7006
                0x080081c6        0xc zephyr/libzephyr.a(log_output.c.obj)
 .rodata.log_backend_uart_init.str1.1
                0x080081d2        0x7 zephyr/libzephyr.a(log_backend_uart.c.obj)
 .rodata.str1.1
                0x080081d9       0x11 zephyr/libzephyr.a(log_backend_uart.c.obj)
 .rodata.del_char.str1.1
                0x080081ea        0x8 zephyr/libzephyr.a(uart_console.c.obj)
 .rodata.uart_console_isr.str1.1
                0x080081f2        0xc zephyr/libzephyr.a(uart_console.c.obj)
 .rodata.uart_console_init.str1.1
                0x080081fe        0x7 zephyr/libzephyr.a(uart_console.c.obj)
 .rodata.str1.1
                0x080081fe        0x1 zephyr/libzephyr.a(uart_console.c.obj)
 .rodata.str1.1
                0x080081fe        0xb zephyr/libzephyr.a(intc_exti_stm32.c.obj)
 .rodata.exti_irq_table
                0x08008209       0x10 zephyr/libzephyr.a(intc_exti_stm32.c.obj)
                0x08008209                exti_irq_table
 .rodata.str1.1
                0x08008219        0x9 zephyr/libzephyr.a(clock_stm32_ll_common.c.obj)
 .rodata.z_pinmux_stm32_set.str1.1
                0x08008222        0x9 zephyr/libzephyr.a(pinmux_stm32.c.obj)
 .rodata.str1.1
                0x08008222        0xa zephyr/libzephyr.a(sys_clock_init.c.obj)
 .rodata.z_arm_fatal_error.str1.1
                0x0800822c       0x9b zephyr/arch/arch/arm/core/aarch32/libarch__arm__core__aarch32.a(fatal.c.obj)
 .rodata.usage_fault.isra.0.str1.1
                0x080082c7       0xcd zephyr/arch/arch/arm/core/aarch32/cortex_m/libarch__arm__core__aarch32__cortex_m.a(fault.c.obj)
 .rodata.mem_manage_fault.isra.0.str1.1
                0x08008394       0xa9 zephyr/arch/arch/arm/core/aarch32/cortex_m/libarch__arm__core__aarch32__cortex_m.a(fault.c.obj)
 .rodata.bus_fault.isra.0.str1.1
                0x0800843d       0x88 zephyr/arch/arch/arm/core/aarch32/cortex_m/libarch__arm__core__aarch32__cortex_m.a(fault.c.obj)
 .rodata.z_arm_fault.str1.1
                0x080084c5       0xf9 zephyr/arch/arch/arm/core/aarch32/cortex_m/libarch__arm__core__aarch32__cortex_m.a(fault.c.obj)
 .rodata.z_prf.str1.1
                0x080085be        0xa zephyr/lib/libc/minimal/liblib__libc__minimal.a(prf.c.obj)
 .rodata.str1.1
                0x080085c8        0x1 zephyr/boards/arm/stm32_min_dev/libboards__arm__stm32_min_dev.a(pinmux.c.obj)
 .rodata.gpio_stm32_init.str1.1
                0x080085c8        0x9 zephyr/drivers/gpio/libdrivers__gpio.a(gpio_stm32.c.obj)
 .rodata.str1.1
                0x080085c8       0x18 zephyr/drivers/gpio/libdrivers__gpio.a(gpio_stm32.c.obj)
                                 0x1f (size before relaxing)
 .rodata.uart_stm32_set_baudrate.str1.1
                0x080085e0       0x23 zephyr/drivers/serial/libdrivers__serial.a(uart_stm32.c.obj)
 .rodata.uart_stm32_init.str1.1
                0x08008603        0x9 zephyr/drivers/serial/libdrivers__serial.a(uart_stm32.c.obj)
 .rodata.str1.1
                0x08008603        0xb zephyr/drivers/serial/libdrivers__serial.a(uart_stm32.c.obj)
                                 0x12 (size before relaxing)
 .rodata.AHBPrescTable
                0x0800860e       0x10 zephyr/modules/stm32/stm32cube/lib..__modules__hal__stm32__stm32cube.a(system_stm32f1xx.c.obj)
                0x0800860e                AHBPrescTable
 .rodata.APBPrescTable
                0x0800861e        0x8 zephyr/modules/stm32/stm32cube/lib..__modules__hal__stm32__stm32cube.a(system_stm32f1xx.c.obj)
                0x0800861e                APBPrescTable
 .rodata.uart3_dma_init.str1.1
                0x08008626       0x23 zephyr/modules/stm32_uart3_dma1_ch2_3/lib..__modules__umdom__stm32_uart3_dma1_ch2_3.a(usart3_dma1_ch2_3.c.obj)
 .rodata.uart3_dma_initilize.str1.1
                0x08008649       0x16 zephyr/modules/stm32_uart3_dma1_ch2_3/lib..__modules__umdom__stm32_uart3_dma1_ch2_3.a(usart3_dma1_ch2_3.c.obj)
 .rodata.str1.1
                0x0800865f        0x9 zephyr/modules/stm32_uart3_dma1_ch2_3/lib..__modules__umdom__stm32_uart3_dma1_ch2_3.a(usart3_dma1_ch2_3.c.obj)
                                 0x13 (size before relaxing)
 .rodata.__func__.10639
                0x08008668        0xf zephyr/modules/stm32_uart3_dma1_ch2_3/lib..__modules__umdom__stm32_uart3_dma1_ch2_3.a(usart3_dma1_ch2_3.c.obj)
 .rodata.k_sys_fatal_error_handler.str1.1
                0x08008677        0xf zephyr/kernel/libkernel.a(fatal.c.obj)
 .rodata.z_fatal_error.str1.1
                0x08008686       0x77 zephyr/kernel/libkernel.a(fatal.c.obj)
 .rodata.str1.1
                0x080086fd       0x4a zephyr/kernel/libkernel.a(fatal.c.obj)
 .rodata.bg_thread_main.str1.1
                0x08008747       0x47 zephyr/kernel/libkernel.a(init.c.obj)
                                 0x48 (size before relaxing)
 .rodata.z_cstart.str1.1
                0x0800878e        0xa zephyr/kernel/libkernel.a(init.c.obj)
 .rodata.str1.1
                0x08008798        0x3 zephyr/kernel/libkernel.a(init.c.obj)
 .rodata.str1.1
                0x0800879b        0x1 zephyr/kernel/libkernel.a(mem_slab.c.obj)
 .rodata.str1.1
                0x0800879b        0x1 zephyr/kernel/libkernel.a(mempool.c.obj)
 *(SORT_BY_ALIGNMENT(.gnu.linkonce.r.*))
                0x0800879c                . = ALIGN (0x4)
 *fill*         0x0800879b        0x1 
                0x0800879c                _image_rodata_end = .
                0x0800879c                . = ALIGN (_region_min_align)
                0x0800879c                _image_rom_end = .
                0x20000000                . = 0x20000000
                0x20000000                . = ALIGN (_region_min_align)
                0x20000000                _image_ram_start = .

.ramfunc        0x20000000        0x0 load address 0x0800879c
                0x20000000                . = ALIGN (_region_min_align)
                0x20000000                _ramfunc_ram_start = .
 *(SORT_BY_ALIGNMENT(.ramfunc))
 *(SORT_BY_ALIGNMENT(.ramfunc.*))
                0x20000000                . = ALIGN (_region_min_align)
                0x20000000                _ramfunc_ram_end = .
                0x00000000                _ramfunc_ram_size = (_ramfunc_ram_end - _ramfunc_ram_start)
                0x0800879c                _ramfunc_rom_start = LOADADDR (.ramfunc)

bss             0x20000000      0x928
                0x20000000                . = ALIGN (0x4)
                0x20000000                __bss_start = .
                0x20000000                __kernel_ram_start = .
 *(SORT_BY_ALIGNMENT(.bss))
 *(SORT_BY_ALIGNMENT(.bss.*))
 .bss.curr_tick
                0x20000000        0x8 zephyr/kernel/libkernel.a(timeout.c.obj)
 .bss._k_thread_obj_modbus_th
                0x20000008       0x64 app/libapp.a(main.c.obj)
                0x20000008                _k_thread_obj_modbus_th
 .bss.gpio      0x2000006c        0x4 app/libapp.a(main.c.obj)
                0x2000006c                gpio
 .bss.rxReady   0x20000070       0x10 app/libapp.a(main.c.obj)
                0x20000070                rxReady
 .bss.slave     0x20000080      0x234 app/libapp.a(main.c.obj)
 .bss.uart      0x200002b4        0x4 app/libapp.a(main.c.obj)
                0x200002b4                uart
 .bss.buffered_cnt
                0x200002b8        0x4 zephyr/libzephyr.a(log_core.c.obj)
 .bss.dropped_cnt
                0x200002bc        0x4 zephyr/libzephyr.a(log_core.c.obj)
 .bss.initialized
                0x200002c0        0x4 zephyr/libzephyr.a(log_core.c.obj)
 .bss.list      0x200002c4        0x8 zephyr/libzephyr.a(log_core.c.obj)
 .bss.log_process_thread_timer
                0x200002cc       0x2c zephyr/libzephyr.a(log_core.c.obj)
 .bss.log_strdup_pool
                0x200002f8       0x1c zephyr/libzephyr.a(log_core.c.obj)
                0x200002f8                log_strdup_pool
 .bss.logging_thread
                0x20000314       0x64 zephyr/libzephyr.a(log_core.c.obj)
                0x20000314                logging_thread
 .bss.proc_tid  0x20000378        0x4 zephyr/libzephyr.a(log_core.c.obj)
 .bss.log_msg_pool
                0x2000037c       0x1c zephyr/libzephyr.a(log_msg.c.obj)
                0x2000037c                log_msg_pool
 .bss.freq      0x20000398        0x4 zephyr/libzephyr.a(log_output.c.obj)
 .bss.timestamp_div
                0x2000039c        0x4 zephyr/libzephyr.a(log_output.c.obj)
 .bss.backend_cb_log_backend_uart
                0x200003a0        0x8 zephyr/libzephyr.a(log_backend_uart.c.obj)
 .bss.log_output_control_block
                0x200003a8        0xc zephyr/libzephyr.a(log_backend_uart.c.obj)
 .bss.cmd.6555  0x200003b4        0x4 zephyr/libzephyr.a(getline.c.obj)
 .bss.line_bufs
                0x200003b8      0x110 zephyr/libzephyr.a(getline.c.obj)
 .bss.ansi_val  0x200004c8        0x4 zephyr/libzephyr.a(uart_console.c.obj)
 .bss.ansi_val_2
                0x200004cc        0x4 zephyr/libzephyr.a(uart_console.c.obj)
 .bss.avail_queue
                0x200004d0        0x4 zephyr/libzephyr.a(uart_console.c.obj)
 .bss.cmd.7208  0x200004d4        0x4 zephyr/libzephyr.a(uart_console.c.obj)
 .bss.completion_cb
                0x200004d8        0x4 zephyr/libzephyr.a(uart_console.c.obj)
 .bss.esc_state
                0x200004dc        0x4 zephyr/libzephyr.a(uart_console.c.obj)
 .bss.lines_queue
                0x200004e0        0x4 zephyr/libzephyr.a(uart_console.c.obj)
 .bss.uart_console_dev
                0x200004e4        0x4 zephyr/libzephyr.a(uart_console.c.obj)
 .bss.exti_data
                0x200004e8       0x80 zephyr/libzephyr.a(intc_exti_stm32.c.obj)
 .bss.announced_cycles
                0x20000568        0x4 zephyr/libzephyr.a(cortex_m_systick.c.obj)
 .bss.cycle_count
                0x2000056c        0x4 zephyr/libzephyr.a(cortex_m_systick.c.obj)
 .bss.last_load
                0x20000570        0x4 zephyr/libzephyr.a(cortex_m_systick.c.obj)
 .bss.overflow_cyc
                0x20000574        0x4 zephyr/libzephyr.a(cortex_m_systick.c.obj)
 .bss.gpio_stm32_data_a
                0x20000578        0xc zephyr/drivers/gpio/libdrivers__gpio.a(gpio_stm32.c.obj)
 .bss.gpio_stm32_data_b
                0x20000584        0xc zephyr/drivers/gpio/libdrivers__gpio.a(gpio_stm32.c.obj)
 .bss.gpio_stm32_data_c
                0x20000590        0xc zephyr/drivers/gpio/libdrivers__gpio.a(gpio_stm32.c.obj)
 .bss.gpio_stm32_data_d
                0x2000059c        0xc zephyr/drivers/gpio/libdrivers__gpio.a(gpio_stm32.c.obj)
 .bss.gpio_stm32_data_e
                0x200005a8        0xc zephyr/drivers/gpio/libdrivers__gpio.a(gpio_stm32.c.obj)
 .bss.uart3dma  0x200005b4      0x228 zephyr/modules/stm32_uart3_dma1_ch2_3/lib..__modules__umdom__stm32_uart3_dma1_ch2_3.a(usart3_dma1_ch2_3.c.obj)
 .bss.z_idle_thread
                0x200007dc       0x64 zephyr/kernel/libkernel.a(init.c.obj)
                0x200007dc                z_idle_thread
 .bss.z_main_thread
                0x20000840       0x64 zephyr/kernel/libkernel.a(init.c.obj)
                0x20000840                z_main_thread
 .bss._kernel   0x200008a4       0x2c zephyr/kernel/libkernel.a(sched.c.obj)
                0x200008a4                _kernel
 .bss.pending_current
                0x200008d0        0x4 zephyr/kernel/libkernel.a(sched.c.obj)
 .bss.slice_max_prio
                0x200008d4        0x4 zephyr/kernel/libkernel.a(sched.c.obj)
 .bss.slice_time
                0x200008d8        0x4 zephyr/kernel/libkernel.a(sched.c.obj)
 .bss.announce_remaining
                0x200008dc        0x4 zephyr/kernel/libkernel.a(timeout.c.obj)
 .bss.regs      0x200008e0       0x40 app/libapp.a(main.c.obj)
                0x200008e0                regs
 .bss.coils     0x20000920        0x2 app/libapp.a(main.c.obj)
                0x20000920                coils
 .bss.backend_attached
                0x20000922        0x1 zephyr/libzephyr.a(log_core.c.obj)
 .bss.panic_mode
                0x20000923        0x1 zephyr/libzephyr.a(log_core.c.obj)
 .bss.buf       0x20000924        0x1 zephyr/libzephyr.a(log_backend_uart.c.obj)
 .bss.cur       0x20000925        0x1 zephyr/libzephyr.a(uart_console.c.obj)
 .bss.end       0x20000926        0x1 zephyr/libzephyr.a(uart_console.c.obj)
 .bss.z_sys_post_kernel
                0x20000927        0x1 zephyr/kernel/libkernel.a(init.c.obj)
                0x20000927                z_sys_post_kernel
 .bss.lock      0x20000928        0x0 zephyr/kernel/libkernel.a(mem_slab.c.obj)
 .bss.lock      0x20000928        0x0 zephyr/kernel/libkernel.a(mutex.c.obj)
 .bss.lock      0x20000928        0x0 zephyr/kernel/libkernel.a(sem.c.obj)
 .bss.lock      0x20000928        0x0 zephyr/kernel/libkernel.a(thread.c.obj)
 .bss.lock      0x20000928        0x0 zephyr/kernel/libkernel.a(mempool.c.obj)
 *(SORT_BY_ALIGNMENT(COMMON))
 *(SORT_BY_ALIGNMENT(.kernel_bss.*))
                0x20000928                __bss_end = ALIGN (0x4)

noinit          0x20000928     0x18a0
 *(SORT_BY_ALIGNMENT(.noinit))
 *(SORT_BY_ALIGNMENT(.noinit.*))
 .noinit."../src/main.c".0
                0x20000928      0x400 app/libapp.a(main.c.obj)
                0x20000928                _k_thread_stack_modbus_th
 .noinit."ZEPHYR_BASE/subsys/logging/log_core.c".1
                0x20000d28      0x300 zephyr/libzephyr.a(log_core.c.obj)
                0x20000d28                logging_stack
 .noinit."ZEPHYR_BASE/kernel/init.c".3
                0x20001028      0x400 zephyr/kernel/libkernel.a(init.c.obj)
                0x20001028                z_main_stack
 .noinit."ZEPHYR_BASE/kernel/init.c".4
                0x20001428      0x100 zephyr/kernel/libkernel.a(init.c.obj)
                0x20001428                z_idle_stack
 .noinit."ZEPHYR_BASE/kernel/init.c".5
                0x20001528      0x800 zephyr/kernel/libkernel.a(init.c.obj)
                0x20001528                _interrupt_stack
 .noinit."ZEPHYR_BASE/subsys/logging/log_core.c".0
                0x20001d28       0xa0 zephyr/libzephyr.a(log_core.c.obj)
 .noinit."ZEPHYR_BASE/subsys/logging/log_msg.c".0
                0x20001dc8      0x400 zephyr/libzephyr.a(log_msg.c.obj)
 *(SORT_BY_ALIGNMENT(.kernel_noinit.*))

datas           0x200021c8       0x44 load address 0x0800879c
                0x200021c8                __data_ram_start = .
 *(SORT_BY_ALIGNMENT(.data))
 *(SORT_BY_ALIGNMENT(.data.*))
 .data.msuf     0x200021c8        0x8 app/libapp.a(main.c.obj)
 .data._char_out
                0x200021d0        0x4 zephyr/libzephyr.a(printk.c.obj)
                0x200021d0                _char_out
 .data.timestamp_func
                0x200021d4        0x4 zephyr/libzephyr.a(log_core.c.obj)
 .data.stm32_clock_control_api
                0x200021d8       0x14 zephyr/libzephyr.a(clock_stm32_ll_common.c.obj)
 .data._stdout_hook
                0x200021ec        0x4 zephyr/lib/libc/minimal/liblib__libc__minimal.a(stdout_console.c.obj)
 .data.uart_stm32_data_USART_1
                0x200021f0       0x10 zephyr/drivers/serial/libdrivers__serial.a(uart_stm32.c.obj)
 .data.SystemCoreClock
                0x20002200        0x4 zephyr/modules/stm32/stm32cube/lib..__modules__hal__stm32__stm32cube.a(system_stm32f1xx.c.obj)
                0x20002200                SystemCoreClock
 .data.timeout_list
                0x20002204        0x8 zephyr/kernel/libkernel.a(timeout.c.obj)
 *(SORT_BY_ALIGNMENT(.kernel.*))
                0x0800879c                __data_rom_start = LOADADDR (datas)

initlevel       0x2000220c       0xcc load address 0x080087e0
                0x2000220c                __device_init_start = .
                0x2000220c                __device_PRE_KERNEL_1_start = .
 *(SORT_BY_NAME(SORT_BY_ALIGNMENT(.init_PRE_KERNEL_1[0-9])))
 .init_PRE_KERNEL_10
                0x2000220c        0xc zephyr/libzephyr.a(soc.c.obj)
 .init_PRE_KERNEL_11
                0x20002218        0xc zephyr/libzephyr.a(clock_stm32_ll_common.c.obj)
 .init_PRE_KERNEL_12
                0x20002224        0xc zephyr/boards/arm/stm32_min_dev/libboards__arm__stm32_min_dev.a(pinmux.c.obj)
 *(SORT_BY_NAME(SORT_BY_ALIGNMENT(.init_PRE_KERNEL_1[1-9][0-9])))
 .init_PRE_KERNEL_130
                0x20002230        0xc zephyr/kernel/libkernel.a(mem_slab.c.obj)
 .init_PRE_KERNEL_130
                0x2000223c        0xc zephyr/kernel/libkernel.a(mempool.c.obj)
 .init_PRE_KERNEL_150
                0x20002248        0xc zephyr/libzephyr.a(intc_exti_stm32.c.obj)
 .init_PRE_KERNEL_150
                0x20002254        0xc zephyr/drivers/serial/libdrivers__serial.a(uart_stm32.c.obj)
 .init_PRE_KERNEL_160
                0x20002260        0xc zephyr/libzephyr.a(uart_console.c.obj)
                0x2000226c                __device_PRE_KERNEL_2_start = .
 *(SORT_BY_NAME(SORT_BY_ALIGNMENT(.init_PRE_KERNEL_2[0-9])))
 .init_PRE_KERNEL_20
                0x2000226c        0xc zephyr/libzephyr.a(sys_clock_init.c.obj)
 .init_PRE_KERNEL_20
                0x20002278        0xc zephyr/drivers/gpio/libdrivers__gpio.a(gpio_stm32.c.obj)
 *(SORT_BY_NAME(SORT_BY_ALIGNMENT(.init_PRE_KERNEL_2[1-9][0-9])))
                0x20002284                __device_POST_KERNEL_start = .
 *(SORT_BY_NAME(SORT_BY_ALIGNMENT(.init_POST_KERNEL[0-9])))
 .init_POST_KERNEL0
                0x20002284        0xc zephyr/libzephyr.a(log_core.c.obj)
 *(SORT_BY_NAME(SORT_BY_ALIGNMENT(.init_POST_KERNEL[1-9][0-9])))
 .init_POST_KERNEL40
                0x20002290       0x3c zephyr/drivers/gpio/libdrivers__gpio.a(gpio_stm32.c.obj)
 .init_POST_KERNEL50
                0x200022cc        0xc zephyr/modules/stm32_uart3_dma1_ch2_3/lib..__modules__umdom__stm32_uart3_dma1_ch2_3.a(usart3_dma1_ch2_3.c.obj)
                0x200022d8                __device_APPLICATION_start = .
 *(SORT_BY_NAME(SORT_BY_ALIGNMENT(.init_APPLICATION[0-9])))
 *(SORT_BY_NAME(SORT_BY_ALIGNMENT(.init_APPLICATION[1-9][0-9])))
                0x200022d8                __device_init_end = .

initlevel_error
                0x2000220c        0x0
 *(SORT_BY_NAME(SORT_BY_ALIGNMENT(.init_[_A-Z0-9]*)))
                0x00000001                ASSERT ((SIZEOF (initlevel_error) == 0x0), Undefined initialization levels used.)

initshell       0x200022d8        0x0 load address 0x080088ac
                0x200022d8                __shell_module_start = .
 *(SORT_BY_ALIGNMENT(.shell_module_*))
                0x200022d8                __shell_module_end = .
                0x200022d8                __shell_cmd_start = .
 *(SORT_BY_ALIGNMENT(.shell_cmd_*))
                0x200022d8                __shell_cmd_end = .

log_dynamic_sections
                0x200022d8        0x0 load address 0x080088ac
                0x200022d8                __log_dynamic_start = .
 *(SORT_BY_NAME(SORT_BY_ALIGNMENT(.log_dynamic_*)))
                0x200022d8                __log_dynamic_end = .

_static_thread_area
                0x200022d8       0x30 load address 0x080088ac
                0x200022d8                __static_thread_data_list_start = .
 *(SORT_BY_NAME(SORT_BY_ALIGNMENT(.__static_thread_data.static.*)))
 .__static_thread_data.static._k_thread_data_modbus_th
                0x200022d8       0x30 app/libapp.a(main.c.obj)
                0x200022d8                _k_thread_data_modbus_th
                0x20002308                __static_thread_data_list_end = .

_k_timer_area   0x20002308        0x0 load address 0x080088dc
                0x20002308                _k_timer_list_start = .
 *(SORT_BY_ALIGNMENT(._k_timer.static.*))
                0x20002308                _k_timer_list_end = .

_k_mem_slab_area
                0x20002308        0x0 load address 0x080088dc
                0x20002308                _k_mem_slab_list_start = .
 *(SORT_BY_ALIGNMENT(._k_mem_slab.static.*))
                0x20002308                _k_mem_slab_list_end = .

_k_mem_pool_area
                0x20002308        0x0 load address 0x080088dc
                0x20002308                _k_mem_pool_list_start = .
 *(SORT_BY_ALIGNMENT(._k_mem_pool.static.*))
                0x20002308                _k_mem_pool_list_end = .

_k_sem_area     0x20002308       0x10 load address 0x080088dc
                0x20002308                _k_sem_list_start = .
 *(SORT_BY_ALIGNMENT(._k_sem.static.*))
 ._k_sem.static.log_process_thread_sem
                0x20002308       0x10 zephyr/libzephyr.a(log_core.c.obj)
                0x20002308                log_process_thread_sem
 *(SORT_BY_ALIGNMENT(._sys_sem.static.*))
                0x20002318                _k_sem_list_end = .

_k_mutex_area   0x20002318       0x14 load address 0x080088ec
                0x20002318                _k_mutex_list_start = .
 *(SORT_BY_ALIGNMENT(._k_mutex.static.*))
 ._k_mutex.static.fdtable_lock
                0x20002318       0x14 zephyr/libzephyr.a(fdtable.c.obj)
                0x2000232c                _k_mutex_list_end = .

_k_queue_area   0x2000232c       0x20 load address 0x08008900
                0x2000232c                _k_queue_list_start = .
 *(SORT_BY_ALIGNMENT(._k_queue.static.*))
 *(SORT_BY_ALIGNMENT(._k_fifo.static.*))
 ._k_fifo.static.free_queue
                0x2000232c       0x10 zephyr/libzephyr.a(getline.c.obj)
 ._k_fifo.static.used_queue
                0x2000233c       0x10 zephyr/libzephyr.a(getline.c.obj)
 *(SORT_BY_ALIGNMENT(._k_lifo.static.*))
                0x2000234c                _k_queue_list_end = .

_k_stack_area   0x2000234c        0x0 load address 0x08008920
                0x2000234c                _k_stack_list_start = .
 *(SORT_BY_ALIGNMENT(._k_stack.static.*))
                0x2000234c                _k_stack_list_end = .

_k_msgq_area    0x2000234c        0x0 load address 0x08008920
                0x2000234c                _k_msgq_list_start = .
 *(SORT_BY_ALIGNMENT(._k_msgq.static.*))
                0x2000234c                _k_msgq_list_end = .

_k_mbox_area    0x2000234c        0x0 load address 0x08008920
                0x2000234c                _k_mbox_list_start = .
 *(SORT_BY_ALIGNMENT(._k_mbox.static.*))
                0x2000234c                _k_mbox_list_end = .

_k_pipe_area    0x2000234c        0x0 load address 0x08008920
                0x2000234c                _k_pipe_list_start = .
 *(SORT_BY_ALIGNMENT(._k_pipe.static.*))
                0x2000234c                _k_pipe_list_end = .

_net_buf_pool_area
                0x2000234c        0x0 load address 0x08008920
                0x2000234c                _net_buf_pool_list = .
 *(SORT_BY_NAME(SORT_BY_ALIGNMENT(._net_buf_pool.static.*)))

net_if          0x2000234c        0x0 load address 0x08008920
                0x2000234c                __net_if_start = .
 *(SORT_BY_ALIGNMENT(.net_if.*))
 *(SORT_BY_NAME(SORT_BY_ALIGNMENT(.net_if.*)))
                0x2000234c                __net_if_end = .

net_if_dev      0x2000234c        0x0 load address 0x08008920
                0x2000234c                __net_if_dev_start = .
 *(SORT_BY_ALIGNMENT(.net_if_dev.*))
 *(SORT_BY_NAME(SORT_BY_ALIGNMENT(.net_if_dev.*)))
                0x2000234c                __net_if_dev_end = .

net_l2_data     0x2000234c        0x0 load address 0x08008920
                0x2000234c                __net_l2_data_start = .
 *(SORT_BY_ALIGNMENT(.net_l2.data))
 *(SORT_BY_NAME(SORT_BY_ALIGNMENT(.net_l2.data*)))
                0x2000234c                __net_l2_data_end = .

priv_stacks_noinit
                0x2000234c        0x0 load address 0x08008920
                0x2000234c                z_priv_stacks_ram_start = .
 *(SORT_BY_ALIGNMENT(.priv_stacks.noinit))
                0x2000234c                z_priv_stacks_ram_end = .
                0x2000234c                __data_ram_end = .
                0x2000234c                _image_ram_end = .
                0x2000234c                _end = .
                0x20005000                __kernel_ram_end = 0x20005000
                0x00005000                __kernel_ram_size = (__kernel_ram_end - __kernel_ram_start)

.stab
 *(SORT_BY_ALIGNMENT(.stab))

.stabstr
 *(SORT_BY_ALIGNMENT(.stabstr))

.stab.excl
 *(SORT_BY_ALIGNMENT(.stab.excl))

.stab.exclstr
 *(SORT_BY_ALIGNMENT(.stab.exclstr))

.stab.index
 *(SORT_BY_ALIGNMENT(.stab.index))

.stab.indexstr
 *(SORT_BY_ALIGNMENT(.stab.indexstr))

.gnu.build.attributes
 *(SORT_BY_ALIGNMENT(.gnu.build.attributes) SORT_BY_ALIGNMENT(.gnu.build.attributes.*))

.comment        0x00000000       0x79
 *(SORT_BY_ALIGNMENT(.comment))
 .comment       0x00000000       0x79 zephyr/CMakeFiles/zephyr_final.dir/isr_tables.c.obj
                                 0x7a (size before relaxing)
 .comment       0x00000079       0x7a app/libapp.a(main.c.obj)
 .comment       0x00000079       0x7a zephyr/libzephyr.a(fdtable.c.obj)
 .comment       0x00000079       0x7a zephyr/libzephyr.a(mempool.c.obj)
 .comment       0x00000079       0x7a zephyr/libzephyr.a(printk.c.obj)
 .comment       0x00000079       0x7a zephyr/libzephyr.a(thread_entry.c.obj)
 .comment       0x00000079       0x7a zephyr/libzephyr.a(configs.c.obj)
 .comment       0x00000079       0x7a zephyr/libzephyr.a(soc.c.obj)
 .comment       0x00000079       0x7a zephyr/libzephyr.a(log_list.c.obj)
 .comment       0x00000079       0x7a zephyr/libzephyr.a(log_core.c.obj)
 .comment       0x00000079       0x7a zephyr/libzephyr.a(log_msg.c.obj)
 .comment       0x00000079       0x7a zephyr/libzephyr.a(log_output.c.obj)
 .comment       0x00000079       0x7a zephyr/libzephyr.a(log_backend_uart.c.obj)
 .comment       0x00000079       0x7a zephyr/libzephyr.a(getline.c.obj)
 .comment       0x00000079       0x7a zephyr/libzephyr.a(uart_console.c.obj)
 .comment       0x00000079       0x7a zephyr/libzephyr.a(intc_exti_stm32.c.obj)
 .comment       0x00000079       0x7a zephyr/libzephyr.a(clock_stm32_ll_common.c.obj)
 .comment       0x00000079       0x7a zephyr/libzephyr.a(clock_stm32f1.c.obj)
 .comment       0x00000079       0x7a zephyr/libzephyr.a(pinmux_stm32.c.obj)
 .comment       0x00000079       0x7a zephyr/libzephyr.a(sys_clock_init.c.obj)
 .comment       0x00000079       0x7a zephyr/libzephyr.a(cortex_m_systick.c.obj)
 .comment       0x00000079       0x7a zephyr/arch/common/libarch__common.a(isr_tables.c.obj)
 .comment       0x00000079       0x7a zephyr/arch/arch/arm/core/aarch32/libarch__arm__core__aarch32.a(swap.c.obj)
 .comment       0x00000079       0x7a zephyr/arch/arch/arm/core/aarch32/libarch__arm__core__aarch32.a(irq_manage.c.obj)
 .comment       0x00000079       0x7a zephyr/arch/arch/arm/core/aarch32/libarch__arm__core__aarch32.a(thread.c.obj)
 .comment       0x00000079       0x7a zephyr/arch/arch/arm/core/aarch32/libarch__arm__core__aarch32.a(fatal.c.obj)
 .comment       0x00000079       0x7a zephyr/arch/arch/arm/core/aarch32/libarch__arm__core__aarch32.a(nmi.c.obj)
 .comment       0x00000079       0x7a zephyr/arch/arch/arm/core/aarch32/libarch__arm__core__aarch32.a(prep_c.c.obj)
 .comment       0x00000079       0x7a zephyr/arch/arch/arm/core/aarch32/cortex_m/libarch__arm__core__aarch32__cortex_m.a(fault.c.obj)
 .comment       0x00000079       0x7a zephyr/arch/arch/arm/core/aarch32/cortex_m/libarch__arm__core__aarch32__cortex_m.a(irq_init.c.obj)
 .comment       0x00000079       0x7a zephyr/arch/arch/arm/core/aarch32/cortex_m/libarch__arm__core__aarch32__cortex_m.a(thread_abort.c.obj)
 .comment       0x00000079       0x7a zephyr/lib/libc/minimal/liblib__libc__minimal.a(string.c.obj)
 .comment       0x00000079       0x7a zephyr/lib/libc/minimal/liblib__libc__minimal.a(prf.c.obj)
 .comment       0x00000079       0x7a zephyr/lib/libc/minimal/liblib__libc__minimal.a(stdout_console.c.obj)
 .comment       0x00000079       0x7a zephyr/lib/libc/minimal/liblib__libc__minimal.a(sprintf.c.obj)
 .comment       0x00000079       0x7a zephyr/boards/arm/stm32_min_dev/libboards__arm__stm32_min_dev.a(pinmux.c.obj)
 .comment       0x00000079       0x7a zephyr/drivers/gpio/libdrivers__gpio.a(gpio_stm32.c.obj)
 .comment       0x00000079       0x7a zephyr/drivers/serial/libdrivers__serial.a(uart_stm32.c.obj)
 .comment       0x00000079       0x7a zephyr/modules/stm32/stm32cube/lib..__modules__hal__stm32__stm32cube.a(system_stm32f1xx.c.obj)
 .comment       0x00000079       0x7a zephyr/modules/stm32/stm32cube/lib..__modules__hal__stm32__stm32cube.a(stm32f1xx_ll_utils.c.obj)
 .comment       0x00000079       0x7a zephyr/modules/modbus/lib..__modules__umdom__modbus.a(lightmodbus.c.obj)
 .comment       0x00000079       0x7a zephyr/modules/modbus/lib..__modules__umdom__modbus.a(scoils.c.obj)
 .comment       0x00000079       0x7a zephyr/modules/modbus/lib..__modules__umdom__modbus.a(slave.c.obj)
 .comment       0x00000079       0x7a zephyr/modules/modbus/lib..__modules__umdom__modbus.a(sregs.c.obj)
 .comment       0x00000079       0x7a zephyr/modules/stm32_uart3_dma1_ch2_3/lib..__modules__umdom__stm32_uart3_dma1_ch2_3.a(usart3_dma1_ch2_3.c.obj)
 .comment       0x00000079       0x7a zephyr/modules/stm32_uart3_dma1_ch2_3/lib..__modules__umdom__stm32_uart3_dma1_ch2_3.a(stm32f1xx_ll_gpio.c.obj)
 .comment       0x00000079       0x7a zephyr/modules/stm32_uart3_dma1_ch2_3/lib..__modules__umdom__stm32_uart3_dma1_ch2_3.a(stm32f1xx_ll_rcc.c.obj)
 .comment       0x00000079       0x7a zephyr/modules/stm32_uart3_dma1_ch2_3/lib..__modules__umdom__stm32_uart3_dma1_ch2_3.a(stm32f1xx_ll_usart.c.obj)
 .comment       0x00000079       0x7a zephyr/kernel/libkernel.a(device.c.obj)
 .comment       0x00000079       0x7a zephyr/kernel/libkernel.a(errno.c.obj)
 .comment       0x00000079       0x7a zephyr/kernel/libkernel.a(fatal.c.obj)
 .comment       0x00000079       0x7a zephyr/kernel/libkernel.a(init.c.obj)
 .comment       0x00000079       0x7a zephyr/kernel/libkernel.a(mem_slab.c.obj)
 .comment       0x00000079       0x7a zephyr/kernel/libkernel.a(mutex.c.obj)
 .comment       0x00000079       0x7a zephyr/kernel/libkernel.a(queue.c.obj)
 .comment       0x00000079       0x7a zephyr/kernel/libkernel.a(sched.c.obj)
 .comment       0x00000079       0x7a zephyr/kernel/libkernel.a(sem.c.obj)
 .comment       0x00000079       0x7a zephyr/kernel/libkernel.a(thread.c.obj)
 .comment       0x00000079       0x7a zephyr/kernel/libkernel.a(timeout.c.obj)
 .comment       0x00000079       0x7a zephyr/kernel/libkernel.a(timer.c.obj)
 .comment       0x00000079       0x7a zephyr/kernel/libkernel.a(idle.c.obj)
 .comment       0x00000079       0x7a zephyr/kernel/libkernel.a(mempool.c.obj)
 .comment       0x00000079       0x7a zephyr/CMakeFiles/offsets.dir/arch/arm/core/offsets/offsets.c.obj

.debug
 *(SORT_BY_ALIGNMENT(.debug))

.line
 *(SORT_BY_ALIGNMENT(.line))

.debug_srcinfo
 *(SORT_BY_ALIGNMENT(.debug_srcinfo))

.debug_sfnames
 *(SORT_BY_ALIGNMENT(.debug_sfnames))

.debug_aranges  0x00000000     0x1480
 *(SORT_BY_ALIGNMENT(.debug_aranges))
 .debug_aranges
                0x00000000       0x20 zephyr/arch/arch/arm/core/aarch32/libarch__arm__core__aarch32.a(exc_exit.S.obj)
 .debug_aranges
                0x00000020       0x28 zephyr/arch/arch/arm/core/aarch32/libarch__arm__core__aarch32.a(swap_helper.S.obj)
 .debug_aranges
                0x00000048       0x30 zephyr/arch/arch/arm/core/aarch32/libarch__arm__core__aarch32.a(cpu_idle.S.obj)
 .debug_aranges
                0x00000078       0x20 zephyr/arch/arch/arm/core/aarch32/libarch__arm__core__aarch32.a(fault_s.S.obj)
 .debug_aranges
                0x00000098       0x20 zephyr/arch/arch/arm/core/aarch32/libarch__arm__core__aarch32.a(nmi_on_reset.S.obj)
 .debug_aranges
                0x000000b8       0x20 zephyr/arch/arch/arm/core/aarch32/libarch__arm__core__aarch32.a(isr_wrapper.S.obj)
 .debug_aranges
                0x000000d8       0x20 zephyr/arch/arch/arm/core/aarch32/cortex_m/libarch__arm__core__aarch32__cortex_m.a(reset.S.obj)
 .debug_aranges
                0x000000f8       0x18 zephyr/CMakeFiles/zephyr_final.dir/isr_tables.c.obj
 .debug_aranges
                0x00000110       0x40 app/libapp.a(main.c.obj)
 .debug_aranges
                0x00000150       0x50 zephyr/libzephyr.a(fdtable.c.obj)
 .debug_aranges
                0x000001a0       0x68 zephyr/libzephyr.a(mempool.c.obj)
 .debug_aranges
                0x00000208       0x80 zephyr/libzephyr.a(printk.c.obj)
 .debug_aranges
                0x00000288       0x20 zephyr/libzephyr.a(thread_entry.c.obj)
 .debug_aranges
                0x000002a8       0x20 zephyr/libzephyr.a(configs.c.obj)
 .debug_aranges
                0x000002c8       0x20 zephyr/libzephyr.a(soc.c.obj)
 .debug_aranges
                0x000002e8       0x38 zephyr/libzephyr.a(log_list.c.obj)
 .debug_aranges
                0x00000320      0x160 zephyr/libzephyr.a(log_core.c.obj)
 .debug_aranges
                0x00000480       0x88 zephyr/libzephyr.a(log_msg.c.obj)
 .debug_aranges
                0x00000508       0x80 zephyr/libzephyr.a(log_output.c.obj)
 .debug_aranges
                0x00000588       0x40 zephyr/libzephyr.a(log_backend_uart.c.obj)
 .debug_aranges
                0x000005c8       0x28 zephyr/libzephyr.a(getline.c.obj)
 .debug_aranges
                0x000005f0       0x60 zephyr/libzephyr.a(uart_console.c.obj)
 .debug_aranges
                0x00000650       0x88 zephyr/libzephyr.a(intc_exti_stm32.c.obj)
 .debug_aranges
                0x000006d8       0x38 zephyr/libzephyr.a(clock_stm32_ll_common.c.obj)
 .debug_aranges
                0x00000710       0x28 zephyr/libzephyr.a(clock_stm32f1.c.obj)
 .debug_aranges
                0x00000738       0x28 zephyr/libzephyr.a(pinmux_stm32.c.obj)
 .debug_aranges
                0x00000760       0x40 zephyr/libzephyr.a(sys_clock_init.c.obj)
 .debug_aranges
                0x000007a0       0x58 zephyr/libzephyr.a(cortex_m_systick.c.obj)
 .debug_aranges